Archive member included to satisfy reference by file (symbol)

c:/st/stm32cubeide_1.7.0/stm32cubeide/plugins/com.st.stm32cube.ide.mcu.externaltools.gnu-tools-for-stm32.9-2020-q2-update.win32_2.0.0.202105311346/tools/bin/../lib/gcc/arm-none-eabi/9.3.1/../../../../arm-none-eabi/lib/thumb/v7e-m+fp/hard\libc_nano.a(lib_a-errno.o)
                              ./Core/Src/syscalls.o (__errno)
c:/st/stm32cubeide_1.7.0/stm32cubeide/plugins/com.st.stm32cube.ide.mcu.externaltools.gnu-tools-for-stm32.9-2020-q2-update.win32_2.0.0.202105311346/tools/bin/../lib/gcc/arm-none-eabi/9.3.1/../../../../arm-none-eabi/lib/thumb/v7e-m+fp/hard\libc_nano.a(lib_a-exit.o)
                              c:/st/stm32cubeide_1.7.0/stm32cubeide/plugins/com.st.stm32cube.ide.mcu.externaltools.gnu-tools-for-stm32.9-2020-q2-update.win32_2.0.0.202105311346/tools/bin/../lib/gcc/arm-none-eabi/9.3.1/../../../../arm-none-eabi/lib/thumb/v7e-m+fp/hard/crt0.o (exit)
c:/st/stm32cubeide_1.7.0/stm32cubeide/plugins/com.st.stm32cube.ide.mcu.externaltools.gnu-tools-for-stm32.9-2020-q2-update.win32_2.0.0.202105311346/tools/bin/../lib/gcc/arm-none-eabi/9.3.1/../../../../arm-none-eabi/lib/thumb/v7e-m+fp/hard\libc_nano.a(lib_a-fclose.o)
                              ./hagl/src/hagl.o (fclose)
c:/st/stm32cubeide_1.7.0/stm32cubeide/plugins/com.st.stm32cube.ide.mcu.externaltools.gnu-tools-for-stm32.9-2020-q2-update.win32_2.0.0.202105311346/tools/bin/../lib/gcc/arm-none-eabi/9.3.1/../../../../arm-none-eabi/lib/thumb/v7e-m+fp/hard\libc_nano.a(lib_a-fflush.o)
                              c:/st/stm32cubeide_1.7.0/stm32cubeide/plugins/com.st.stm32cube.ide.mcu.externaltools.gnu-tools-for-stm32.9-2020-q2-update.win32_2.0.0.202105311346/tools/bin/../lib/gcc/arm-none-eabi/9.3.1/../../../../arm-none-eabi/lib/thumb/v7e-m+fp/hard\libc_nano.a(lib_a-fclose.o) (__sflush_r)
c:/st/stm32cubeide_1.7.0/stm32cubeide/plugins/com.st.stm32cube.ide.mcu.externaltools.gnu-tools-for-stm32.9-2020-q2-update.win32_2.0.0.202105311346/tools/bin/../lib/gcc/arm-none-eabi/9.3.1/../../../../arm-none-eabi/lib/thumb/v7e-m+fp/hard\libc_nano.a(lib_a-findfp.o)
                              c:/st/stm32cubeide_1.7.0/stm32cubeide/plugins/com.st.stm32cube.ide.mcu.externaltools.gnu-tools-for-stm32.9-2020-q2-update.win32_2.0.0.202105311346/tools/bin/../lib/gcc/arm-none-eabi/9.3.1/../../../../arm-none-eabi/lib/thumb/v7e-m+fp/hard\libc_nano.a(lib_a-fclose.o) (__sfp_lock_acquire)
c:/st/stm32cubeide_1.7.0/stm32cubeide/plugins/com.st.stm32cube.ide.mcu.externaltools.gnu-tools-for-stm32.9-2020-q2-update.win32_2.0.0.202105311346/tools/bin/../lib/gcc/arm-none-eabi/9.3.1/../../../../arm-none-eabi/lib/thumb/v7e-m+fp/hard\libc_nano.a(lib_a-fopen.o)
                              ./hagl/src/hagl.o (fopen)
c:/st/stm32cubeide_1.7.0/stm32cubeide/plugins/com.st.stm32cube.ide.mcu.externaltools.gnu-tools-for-stm32.9-2020-q2-update.win32_2.0.0.202105311346/tools/bin/../lib/gcc/arm-none-eabi/9.3.1/../../../../arm-none-eabi/lib/thumb/v7e-m+fp/hard\libc_nano.a(lib_a-fread.o)
                              ./hagl/src/hagl.o (fread)
c:/st/stm32cubeide_1.7.0/stm32cubeide/plugins/com.st.stm32cube.ide.mcu.externaltools.gnu-tools-for-stm32.9-2020-q2-update.win32_2.0.0.202105311346/tools/bin/../lib/gcc/arm-none-eabi/9.3.1/../../../../arm-none-eabi/lib/thumb/v7e-m+fp/hard\libc_nano.a(lib_a-fseek.o)
                              c:/st/stm32cubeide_1.7.0/stm32cubeide/plugins/com.st.stm32cube.ide.mcu.externaltools.gnu-tools-for-stm32.9-2020-q2-update.win32_2.0.0.202105311346/tools/bin/../lib/gcc/arm-none-eabi/9.3.1/../../../../arm-none-eabi/lib/thumb/v7e-m+fp/hard\libc_nano.a(lib_a-fopen.o) (_fseek_r)
c:/st/stm32cubeide_1.7.0/stm32cubeide/plugins/com.st.stm32cube.ide.mcu.externaltools.gnu-tools-for-stm32.9-2020-q2-update.win32_2.0.0.202105311346/tools/bin/../lib/gcc/arm-none-eabi/9.3.1/../../../../arm-none-eabi/lib/thumb/v7e-m+fp/hard\libc_nano.a(lib_a-fseeko.o)
                              c:/st/stm32cubeide_1.7.0/stm32cubeide/plugins/com.st.stm32cube.ide.mcu.externaltools.gnu-tools-for-stm32.9-2020-q2-update.win32_2.0.0.202105311346/tools/bin/../lib/gcc/arm-none-eabi/9.3.1/../../../../arm-none-eabi/lib/thumb/v7e-m+fp/hard\libc_nano.a(lib_a-fseek.o) (_fseeko_r)
c:/st/stm32cubeide_1.7.0/stm32cubeide/plugins/com.st.stm32cube.ide.mcu.externaltools.gnu-tools-for-stm32.9-2020-q2-update.win32_2.0.0.202105311346/tools/bin/../lib/gcc/arm-none-eabi/9.3.1/../../../../arm-none-eabi/lib/thumb/v7e-m+fp/hard\libc_nano.a(lib_a-ftello.o)
                              c:/st/stm32cubeide_1.7.0/stm32cubeide/plugins/com.st.stm32cube.ide.mcu.externaltools.gnu-tools-for-stm32.9-2020-q2-update.win32_2.0.0.202105311346/tools/bin/../lib/gcc/arm-none-eabi/9.3.1/../../../../arm-none-eabi/lib/thumb/v7e-m+fp/hard\libc_nano.a(lib_a-fseeko.o) (_ftello_r)
[...]
Memory Configuration

Name             Origin             Length             Attributes
RAM              0x0000000020000000 0x0000000000010000 xrw
FLASH            0x0000000008000000 0x0000000000040000 xr
*default*        0x0000000000000000 0xffffffffffffffff

Linker script and memory map

LOAD c:/st/stm32cubeide_1.7.0/stm32cubeide/plugins/com.st.stm32cube.ide.mcu.externaltools.gnu-tools-for-stm32.9-2020-q2-update.win32_2.0.0.202105311346/tools/bin/../lib/gcc/arm-none-eabi/9.3.1/thumb/v7e-m+fp/hard/crti.o
LOAD c:/st/stm32cubeide_1.7.0/stm32cubeide/plugins/com.st.stm32cube.ide.mcu.externaltools.gnu-tools-for-stm32.9-2020-q2-update.win32_2.0.0.202105311346/tools/bin/../lib/gcc/arm-none-eabi/9.3.1/thumb/v7e-m+fp/hard/crtbegin.o
LOAD c:/st/stm32cubeide_1.7.0/stm32cubeide/plugins/com.st.stm32cube.ide.mcu.externaltools.gnu-tools-for-stm32.9-2020-q2-update.win32_2.0.0.202105311346/tools/bin/../lib/gcc/arm-none-eabi/9.3.1/../../../../arm-none-eabi/lib/thumb/v7e-m+fp/hard/crt0.o
LOAD ./Core/Src/adc.o
LOAD ./Core/Src/dma.o
LOAD ./Core/Src/gpio.o
LOAD ./Core/Src/i2c.o
LOAD ./Core/Src/lcd.o
LOAD ./Core/Src/main.o
LOAD ./Core/Src/menu.o
LOAD ./Core/Src/rtc.o
LOAD ./Core/Src/spi.o
LOAD ./Core/Src/stm32f4xx_hal_msp.o
LOAD ./Core/Src/stm32f4xx_it.o
LOAD ./Core/Src/syscalls.o
LOAD ./Core/Src/sysmem.o
LOAD ./Core/Src/system_stm32f4xx.o
LOAD ./Core/Src/tim.o
LOAD ./Core/Startup/startup_stm32f401ccux.o
LOAD ./Drivers/STM32F4xx_HAL_Driver/Src/stm32f4xx_hal.o
LOAD ./Drivers/STM32F4xx_HAL_Driver/Src/stm32f4xx_hal_adc.o
LOAD ./Drivers/STM32F4xx_HAL_Driver/Src/stm32f4xx_hal_adc_ex.o
LOAD ./Drivers/STM32F4xx_HAL_Driver/Src/stm32f4xx_hal_cortex.o
LOAD ./Drivers/STM32F4xx_HAL_Driver/Src/stm32f4xx_hal_dma.o
LOAD ./Drivers/STM32F4xx_HAL_Driver/Src/stm32f4xx_hal_dma_ex.o
LOAD ./Drivers/STM32F4xx_HAL_Driver/Src/stm32f4xx_hal_exti.o
LOAD ./Drivers/STM32F4xx_HAL_Driver/Src/stm32f4xx_hal_flash.o
LOAD ./Drivers/STM32F4xx_HAL_Driver/Src/stm32f4xx_hal_flash_ex.o
LOAD ./Drivers/STM32F4xx_HAL_Driver/Src/stm32f4xx_hal_flash_ramfunc.o
LOAD ./Drivers/STM32F4xx_HAL_Driver/Src/stm32f4xx_hal_gpio.o
LOAD ./Drivers/STM32F4xx_HAL_Driver/Src/stm32f4xx_hal_i2c.o
LOAD ./Drivers/STM32F4xx_HAL_Driver/Src/stm32f4xx_hal_i2c_ex.o
LOAD ./Drivers/STM32F4xx_HAL_Driver/Src/stm32f4xx_hal_pwr.o
LOAD ./Drivers/STM32F4xx_HAL_Driver/Src/stm32f4xx_hal_pwr_ex.o
LOAD ./Drivers/STM32F4xx_HAL_Driver/Src/stm32f4xx_hal_rcc.o
LOAD ./Drivers/STM32F4xx_HAL_Driver/Src/stm32f4xx_hal_rcc_ex.o
LOAD ./Drivers/STM32F4xx_HAL_Driver/Src/stm32f4xx_hal_rtc.o
LOAD ./Drivers/STM32F4xx_HAL_Driver/Src/stm32f4xx_hal_rtc_ex.o
LOAD ./Drivers/STM32F4xx_HAL_Driver/Src/stm32f4xx_hal_spi.o
LOAD ./Drivers/STM32F4xx_HAL_Driver/Src/stm32f4xx_hal_tim.o
LOAD ./Drivers/STM32F4xx_HAL_Driver/Src/stm32f4xx_hal_tim_ex.o
LOAD ./hagl/src/bitmap.o
LOAD ./hagl/src/clip.o
LOAD ./hagl/src/fontx.o
LOAD ./hagl/src/hagl.o
LOAD ./hagl/src/hsl.o
LOAD ./hagl/src/rgb565.o
LOAD ./hagl/src/rgb888.o
LOAD ./hagl/src/tjpgd.o
START GROUP
LOAD c:/st/stm32cubeide_1.7.0/stm32cubeide/plugins/com.st.stm32cube.ide.mcu.externaltools.gnu-tools-for-stm32.9-2020-q2-update.win32_2.0.0.202105311346/tools/bin/../lib/gcc/arm-none-eabi/9.3.1/../../../../arm-none-eabi/lib/thumb/v7e-m+fp/hard\libc_nano.a
LOAD c:/st/stm32cubeide_1.7.0/stm32cubeide/plugins/com.st.stm32cube.ide.mcu.externaltools.gnu-tools-for-stm32.9-2020-q2-update.win32_2.0.0.202105311346/tools/bin/../lib/gcc/arm-none-eabi/9.3.1/../../../../arm-none-eabi/lib/thumb/v7e-m+fp/hard\libm.a
END GROUP
START GROUP
LOAD c:/st/stm32cubeide_1.7.0/stm32cubeide/plugins/com.st.stm32cube.ide.mcu.externaltools.gnu-tools-for-stm32.9-2020-q2-update.win32_2.0.0.202105311346/tools/bin/../lib/gcc/arm-none-eabi/9.3.1/thumb/v7e-m+fp/hard\libgcc.a
LOAD c:/st/stm32cubeide_1.7.0/stm32cubeide/plugins/com.st.stm32cube.ide.mcu.externaltools.gnu-tools-for-stm32.9-2020-q2-update.win32_2.0.0.202105311346/tools/bin/../lib/gcc/arm-none-eabi/9.3.1/../../../../arm-none-eabi/lib/thumb/v7e-m+fp/hard\libc_nano.a
END GROUP
START GROUP
LOAD c:/st/stm32cubeide_1.7.0/stm32cubeide/plugins/com.st.stm32cube.ide.mcu.externaltools.gnu-tools-for-stm32.9-2020-q2-update.win32_2.0.0.202105311346/tools/bin/../lib/gcc/arm-none-eabi/9.3.1/thumb/v7e-m+fp/hard\libgcc.a
LOAD c:/st/stm32cubeide_1.7.0/stm32cubeide/plugins/com.st.stm32cube.ide.mcu.externaltools.gnu-tools-for-stm32.9-2020-q2-update.win32_2.0.0.202105311346/tools/bin/../lib/gcc/arm-none-eabi/9.3.1/../../../../arm-none-eabi/lib/thumb/v7e-m+fp/hard\libc_nano.a
LOAD c:/st/stm32cubeide_1.7.0/stm32cubeide/plugins/com.st.stm32cube.ide.mcu.externaltools.gnu-tools-for-stm32.9-2020-q2-update.win32_2.0.0.202105311346/tools/bin/../lib/gcc/arm-none-eabi/9.3.1/../../../../arm-none-eabi/lib/thumb/v7e-m+fp/hard\libnosys.a
END GROUP
START GROUP
LOAD c:/st/stm32cubeide_1.7.0/stm32cubeide/plugins/com.st.stm32cube.ide.mcu.externaltools.gnu-tools-for-stm32.9-2020-q2-update.win32_2.0.0.202105311346/tools/bin/../lib/gcc/arm-none-eabi/9.3.1/thumb/v7e-m+fp/hard\libgcc.a
LOAD c:/st/stm32cubeide_1.7.0/stm32cubeide/plugins/com.st.stm32cube.ide.mcu.externaltools.gnu-tools-for-stm32.9-2020-q2-update.win32_2.0.0.202105311346/tools/bin/../lib/gcc/arm-none-eabi/9.3.1/../../../../arm-none-eabi/lib/thumb/v7e-m+fp/hard\libc_nano.a
LOAD c:/st/stm32cubeide_1.7.0/stm32cubeide/plugins/com.st.stm32cube.ide.mcu.externaltools.gnu-tools-for-stm32.9-2020-q2-update.win32_2.0.0.202105311346/tools/bin/../lib/gcc/arm-none-eabi/9.3.1/../../../../arm-none-eabi/lib/thumb/v7e-m+fp/hard\libnosys.a
END GROUP
LOAD c:/st/stm32cubeide_1.7.0/stm32cubeide/plugins/com.st.stm32cube.ide.mcu.externaltools.gnu-tools-for-stm32.9-2020-q2-update.win32_2.0.0.202105311346/tools/bin/../lib/gcc/arm-none-eabi/9.3.1/thumb/v7e-m+fp/hard/crtend.o
LOAD c:/st/stm32cubeide_1.7.0/stm32cubeide/plugins/com.st.stm32cube.ide.mcu.externaltools.gnu-tools-for-stm32.9-2020-q2-update.win32_2.0.0.202105311346/tools/bin/../lib/gcc/arm-none-eabi/9.3.1/thumb/v7e-m+fp/hard/crtn.o
                0x0000000020010000                _estack = (ORIGIN (RAM) + LENGTH (RAM))
                0x0000000000000400                _Min_Heap_Size = 0x400
                0x0000000000002000                _Min_Stack_Size = 0x2000

.isr_vector     0x0000000008000000      0x194
                0x0000000008000000                . = ALIGN (0x4)
 *(.isr_vector)
 .isr_vector    0x0000000008000000      0x194 ./Core/Startup/startup_stm32f401ccux.o
                0x0000000008000000                g_pfnVectors
                0x0000000008000194                . = ALIGN (0x4)

.text           0x00000000080001a0     0x5f4c
                0x00000000080001a0                . = ALIGN (0x4)
 *(.text)
 .text          0x00000000080001a0       0x40 c:/st/stm32cubeide_1.7.0/stm32cubeide/plugins/com.st.stm32cube.ide.mcu.externaltools.gnu-tools-for-stm32.9-2020-q2-update.win32_2.0.0.202105311346/tools/bin/../lib/gcc/arm-none-eabi/9.3.1/thumb/v7e-m+fp/hard/crtbegin.o
 .text          0x00000000080001e0       0xa0 c:/st/stm32cubeide_1.7.0/stm32cubeide/plugins/com.st.stm32cube.ide.mcu.externaltools.gnu-tools-for-stm32.9-2020-q2-update.win32_2.0.0.202105311346/tools/bin/../lib/gcc/arm-none-eabi/9.3.1/../../../../arm-none-eabi/lib/thumb/v7e-m+fp/hard\libc_nano.a(lib_a-memchr.o)
                0x00000000080001e0                memchr
 .text          0x0000000008000280       0x30 c:/st/stm32cubeide_1.7.0/stm32cubeide/plugins/com.st.stm32cube.ide.mcu.externaltools.gnu-tools-for-stm32.9-2020-q2-update.win32_2.0.0.202105311346/tools/bin/../lib/gcc/arm-none-eabi/9.3.1/thumb/v7e-m+fp/hard\libgcc.a(_aeabi_uldivmod.o)
                0x0000000008000280                __aeabi_uldivmod
 .text          0x00000000080002b0      0x2c4 c:/st/stm32cubeide_1.7.0/stm32cubeide/plugins/com.st.stm32cube.ide.mcu.externaltools.gnu-tools-for-stm32.9-2020-q2-update.win32_2.0.0.202105311346/tools/bin/../lib/gcc/arm-none-eabi/9.3.1/thumb/v7e-m+fp/hard\libgcc.a(_udivmoddi4.o)
                0x00000000080002b0                __udivmoddi4
 .text          0x0000000008000574        0x4 c:/st/stm32cubeide_1.7.0/stm32cubeide/plugins/com.st.stm32cube.ide.mcu.externaltools.gnu-tools-for-stm32.9-2020-q2-update.win32_2.0.0.202105311346/tools/bin/../lib/gcc/arm-none-eabi/9.3.1/thumb/v7e-m+fp/hard\libgcc.a(_dvmd_tls.o)
                0x0000000008000574                __aeabi_idiv0
                0x0000000008000574                __aeabi_ldiv0
 *(.text*)
 .text.MX_ADC1_Init
                0x0000000008000578      0x168 ./Core/Src/adc.o
                0x0000000008000578                MX_ADC1_Init
 .text.HAL_ADC_MspInit
                0x00000000080006e0      0x128 ./Core/Src/adc.o
                0x00000000080006e0                HAL_ADC_MspInit
 .text.MX_DMA_Init
                0x0000000008000808       0x40 ./Core/Src/dma.o
                0x0000000008000808                MX_DMA_Init
 .text.MX_GPIO_Init
                0x0000000008000848      0x128 ./Core/Src/gpio.o
                0x0000000008000848                MX_GPIO_Init
 .text.MX_I2C1_Init
                0x0000000008000970       0x5c ./Core/Src/i2c.o
                0x0000000008000970                MX_I2C1_Init
 .text.HAL_I2C_MspInit
                0x00000000080009cc       0x90 ./Core/Src/i2c.o
                0x00000000080009cc                HAL_I2C_MspInit
 .text.lcd_cmd  0x0000000008000a5c       0x4c ./Core/Src/lcd.o
 .text.lcd_data
                0x0000000008000aa8       0x4c ./Core/Src/lcd.o
 .text.lcd_data16
                0x0000000008000af4       0x2a ./Core/Src/lcd.o
 .text.lcd_set_window
                0x0000000008000b1e       0x62 ./Core/Src/lcd.o
 .text.lcd_send
                0x0000000008000b80       0x32 ./Core/Src/lcd.o
 *fill*         0x0000000008000bb2        0x2 
 .text.lcd_init
                0x0000000008000bb4       0x74 ./Core/Src/lcd.o
                0x0000000008000bb4                lcd_init
 .text.lcd_put_pixel
                0x0000000008000c28       0x30 ./Core/Src/lcd.o
                0x0000000008000c28                lcd_put_pixel
 .text.lcd_copy
                0x0000000008000c58       0x4c ./Core/Src/lcd.o
                0x0000000008000c58                lcd_copy
 .text.lcd_transfer_done
                0x0000000008000ca4       0x18 ./Core/Src/lcd.o
                0x0000000008000ca4                lcd_transfer_done
 .text.main     0x0000000008000cbc      0x108 ./Core/Src/main.o
                0x0000000008000cbc                main
 .text.SystemClock_Config
                0x0000000008000dc4      0x108 ./Core/Src/main.o
                0x0000000008000dc4                SystemClock_Config
 .text.HAL_SPI_TxCpltCallback
                0x0000000008000ecc       0x20 ./Core/Src/main.o
                0x0000000008000ecc                HAL_SPI_TxCpltCallback
 .text.HAL_GPIO_EXTI_Callback
                0x0000000008000eec       0x88 ./Core/Src/main.o
                0x0000000008000eec                HAL_GPIO_EXTI_Callback
 .text.Error_Handler
                0x0000000008000f74        0xa ./Core/Src/main.o
                0x0000000008000f74                Error_Handler
 *fill*         0x0000000008000f7e        0x2 
 .text.show_menu_window
                0x0000000008000f80      0x14c ./Core/Src/menu.o
                0x0000000008000f80                show_menu_window
 .text.show_sensor_window
                0x00000000080010cc       0xa0 ./Core/Src/menu.o
                0x00000000080010cc                show_sensor_window
 .text.show_sensor_data
                0x000000000800116c       0x94 ./Core/Src/menu.o
                0x000000000800116c                show_sensor_data
 .text.select_item
                0x0000000008001200       0x52 ./Core/Src/menu.o
                0x0000000008001200                select_item
 .text.deselect_item
                0x0000000008001252       0x52 ./Core/Src/menu.o
                0x0000000008001252                deselect_item
 .text.MX_RTC_Init
                0x00000000080012a4       0x4c ./Core/Src/rtc.o
                0x00000000080012a4                MX_RTC_Init
 .text.HAL_RTC_MspInit
                0x00000000080012f0       0x2c ./Core/Src/rtc.o
                0x00000000080012f0                HAL_RTC_MspInit
 .text.MX_SPI1_Init
                0x000000000800131c       0x6c ./Core/Src/spi.o
                0x000000000800131c                MX_SPI1_Init
 .text.MX_SPI2_Init
                0x0000000008001388       0x6c ./Core/Src/spi.o
                0x0000000008001388                MX_SPI2_Init
 .text.HAL_SPI_MspInit
                0x00000000080013f4      0x19c ./Core/Src/spi.o
                0x00000000080013f4                HAL_SPI_MspInit
 .text.HAL_MspInit
                0x0000000008001590       0x50 ./Core/Src/stm32f4xx_hal_msp.o
                0x0000000008001590                HAL_MspInit
 .text.NMI_Handler
                0x00000000080015e0        0x6 ./Core/Src/stm32f4xx_it.o
                0x00000000080015e0                NMI_Handler
 .text.HardFault_Handler
                0x00000000080015e6        0x6 ./Core/Src/stm32f4xx_it.o
                0x00000000080015e6                HardFault_Handler
 .text.MemManage_Handler
                0x00000000080015ec        0x6 ./Core/Src/stm32f4xx_it.o
                0x00000000080015ec                MemManage_Handler
 .text.BusFault_Handler
                0x00000000080015f2        0x6 ./Core/Src/stm32f4xx_it.o
                0x00000000080015f2                BusFault_Handler
 .text.UsageFault_Handler
                0x00000000080015f8        0x6 ./Core/Src/stm32f4xx_it.o
                0x00000000080015f8                UsageFault_Handler
 .text.SVC_Handler
                0x00000000080015fe        0xe ./Core/Src/stm32f4xx_it.o
                0x00000000080015fe                SVC_Handler
 .text.DebugMon_Handler
                0x000000000800160c        0xe ./Core/Src/stm32f4xx_it.o
                0x000000000800160c                DebugMon_Handler
 .text.PendSV_Handler
                0x000000000800161a        0xe ./Core/Src/stm32f4xx_it.o
                0x000000000800161a                PendSV_Handler
 .text.SysTick_Handler
                0x0000000008001628        0xc ./Core/Src/stm32f4xx_it.o
                0x0000000008001628                SysTick_Handler
 .text.EXTI0_IRQHandler
                0x0000000008001634        0xe ./Core/Src/stm32f4xx_it.o
                0x0000000008001634                EXTI0_IRQHandler
 .text.EXTI15_10_IRQHandler
                0x0000000008001642       0x10 ./Core/Src/stm32f4xx_it.o
                0x0000000008001642                EXTI15_10_IRQHandler
 *fill*         0x0000000008001652        0x2 
 .text.DMA2_Stream3_IRQHandler
                0x0000000008001654       0x14 ./Core/Src/stm32f4xx_it.o
                0x0000000008001654                DMA2_Stream3_IRQHandler
 .text._sbrk    0x0000000008001668       0x6c ./Core/Src/sysmem.o
                0x0000000008001668                _sbrk
 .text.SystemInit
                0x00000000080016d4       0x2c ./Core/Src/system_stm32f4xx.o
                0x00000000080016d4                SystemInit
 .text.MX_TIM2_Init
                0x0000000008001700       0xa8 ./Core/Src/tim.o
                0x0000000008001700                MX_TIM2_Init
 .text.HAL_TIM_Encoder_MspInit
                0x00000000080017a8       0xcc ./Core/Src/tim.o
                0x00000000080017a8                HAL_TIM_Encoder_MspInit
 .text.Reset_Handler
                0x0000000008001874       0x50 ./Core/Startup/startup_stm32f401ccux.o
                0x0000000008001874                Reset_Handler
 .text.Default_Handler
                0x00000000080018c4        0x2 ./Core/Startup/startup_stm32f401ccux.o
                0x00000000080018c4                RTC_Alarm_IRQHandler
                0x00000000080018c4                EXTI2_IRQHandler
                0x00000000080018c4                SPI4_IRQHandler
                0x00000000080018c4                TIM1_CC_IRQHandler
                0x00000000080018c4                DMA2_Stream5_IRQHandler
                0x00000000080018c4                DMA1_Stream5_IRQHandler
                0x00000000080018c4                PVD_IRQHandler
                0x00000000080018c4                SDIO_IRQHandler
                0x00000000080018c4                TAMP_STAMP_IRQHandler
                0x00000000080018c4                EXTI3_IRQHandler
                0x00000000080018c4                TIM1_UP_TIM10_IRQHandler
                0x00000000080018c4                I2C3_ER_IRQHandler
                0x00000000080018c4                I2C2_EV_IRQHandler
                0x00000000080018c4                DMA1_Stream2_IRQHandler
                0x00000000080018c4                FPU_IRQHandler
                0x00000000080018c4                DMA2_Stream2_IRQHandler
                0x00000000080018c4                SPI1_IRQHandler
                0x00000000080018c4                TIM1_BRK_TIM9_IRQHandler
                0x00000000080018c4                USART6_IRQHandler
                0x00000000080018c4                DMA2_Stream0_IRQHandler
                0x00000000080018c4                TIM4_IRQHandler
                0x00000000080018c4                I2C1_EV_IRQHandler
                0x00000000080018c4                DMA1_Stream6_IRQHandler
                0x00000000080018c4                DMA1_Stream1_IRQHandler
                0x00000000080018c4                TIM3_IRQHandler
                0x00000000080018c4                RCC_IRQHandler
                0x00000000080018c4                Default_Handler
                0x00000000080018c4                ADC_IRQHandler
                0x00000000080018c4                DMA1_Stream7_IRQHandler
                0x00000000080018c4                TIM5_IRQHandler
                0x00000000080018c4                DMA2_Stream7_IRQHandler
                0x00000000080018c4                I2C3_EV_IRQHandler
                0x00000000080018c4                EXTI9_5_IRQHandler
                0x00000000080018c4                RTC_WKUP_IRQHandler
                0x00000000080018c4                SPI2_IRQHandler
                0x00000000080018c4                DMA1_Stream0_IRQHandler
                0x00000000080018c4                EXTI4_IRQHandler
                0x00000000080018c4                WWDG_IRQHandler
                0x00000000080018c4                TIM2_IRQHandler
                0x00000000080018c4                OTG_FS_WKUP_IRQHandler
                0x00000000080018c4                TIM1_TRG_COM_TIM11_IRQHandler
                0x00000000080018c4                EXTI1_IRQHandler
                0x00000000080018c4                USART2_IRQHandler
                0x00000000080018c4                I2C2_ER_IRQHandler
                0x00000000080018c4                DMA2_Stream1_IRQHandler
                0x00000000080018c4                FLASH_IRQHandler
                0x00000000080018c4                DMA2_Stream4_IRQHandler
                0x00000000080018c4                USART1_IRQHandler
                0x00000000080018c4                OTG_FS_IRQHandler
                0x00000000080018c4                SPI3_IRQHandler
                0x00000000080018c4                DMA1_Stream4_IRQHandler
                0x00000000080018c4                I2C1_ER_IRQHandler
                0x00000000080018c4                DMA2_Stream6_IRQHandler
                0x00000000080018c4                DMA1_Stream3_IRQHandler
 *fill*         0x00000000080018c6        0x2 
 .text.HAL_Init
                0x00000000080018c8       0x44 ./Drivers/STM32F4xx_HAL_Driver/Src/stm32f4xx_hal.o
                0x00000000080018c8                HAL_Init
 .text.HAL_InitTick
                0x000000000800190c       0x60 ./Drivers/STM32F4xx_HAL_Driver/Src/stm32f4xx_hal.o
                0x000000000800190c                HAL_InitTick
 .text.HAL_IncTick
                0x000000000800196c       0x28 ./Drivers/STM32F4xx_HAL_Driver/Src/stm32f4xx_hal.o
                0x000000000800196c                HAL_IncTick
 .text.HAL_GetTick
                0x0000000008001994       0x18 ./Drivers/STM32F4xx_HAL_Driver/Src/stm32f4xx_hal.o
                0x0000000008001994                HAL_GetTick
 .text.HAL_Delay
                0x00000000080019ac       0x48 ./Drivers/STM32F4xx_HAL_Driver/Src/stm32f4xx_hal.o
                0x00000000080019ac                HAL_Delay
 .text.HAL_ADC_Init
                0x00000000080019f4       0x86 ./Drivers/STM32F4xx_HAL_Driver/Src/stm32f4xx_hal_adc.o
                0x00000000080019f4                HAL_ADC_Init
 *fill*         0x0000000008001a7a        0x2 
 .text.HAL_ADC_Start_DMA
                0x0000000008001a7c      0x1a8 ./Drivers/STM32F4xx_HAL_Driver/Src/stm32f4xx_hal_adc.o
                0x0000000008001a7c                HAL_ADC_Start_DMA
 .text.HAL_ADC_ConvCpltCallback
                0x0000000008001c24       0x14 ./Drivers/STM32F4xx_HAL_Driver/Src/stm32f4xx_hal_adc.o
                0x0000000008001c24                HAL_ADC_ConvCpltCallback
 .text.HAL_ADC_ConvHalfCpltCallback
                0x0000000008001c38       0x14 ./Drivers/STM32F4xx_HAL_Driver/Src/stm32f4xx_hal_adc.o
                0x0000000008001c38                HAL_ADC_ConvHalfCpltCallback
 .text.HAL_ADC_ErrorCallback
                0x0000000008001c4c       0x14 ./Drivers/STM32F4xx_HAL_Driver/Src/stm32f4xx_hal_adc.o
                0x0000000008001c4c                HAL_ADC_ErrorCallback
 .text.HAL_ADC_ConfigChannel
                0x0000000008001c60      0x244 ./Drivers/STM32F4xx_HAL_Driver/Src/stm32f4xx_hal_adc.o
                0x0000000008001c60                HAL_ADC_ConfigChannel
 .text.ADC_Init
                0x0000000008001ea4      0x1f8 ./Drivers/STM32F4xx_HAL_Driver/Src/stm32f4xx_hal_adc.o
 .text.ADC_DMAConvCplt
                0x000000000800209c       0xba ./Drivers/STM32F4xx_HAL_Driver/Src/stm32f4xx_hal_adc.o
 .text.ADC_DMAHalfConvCplt
                0x0000000008002156       0x1c ./Drivers/STM32F4xx_HAL_Driver/Src/stm32f4xx_hal_adc.o
 .text.ADC_DMAError
                0x0000000008002172       0x2e ./Drivers/STM32F4xx_HAL_Driver/Src/stm32f4xx_hal_adc.o
 .text.__NVIC_SetPriorityGrouping
                0x00000000080021a0       0x48 ./Drivers/STM32F4xx_HAL_Driver/Src/stm32f4xx_hal_cortex.o
 .text.__NVIC_GetPriorityGrouping
                0x00000000080021e8       0x1c ./Drivers/STM32F4xx_HAL_Driver/Src/stm32f4xx_hal_cortex.o
 .text.__NVIC_EnableIRQ
                0x0000000008002204       0x3c ./Drivers/STM32F4xx_HAL_Driver/Src/stm32f4xx_hal_cortex.o
 .text.__NVIC_SetPriority
                0x0000000008002240       0x54 ./Drivers/STM32F4xx_HAL_Driver/Src/stm32f4xx_hal_cortex.o
 .text.NVIC_EncodePriority
                0x0000000008002294       0x66 ./Drivers/STM32F4xx_HAL_Driver/Src/stm32f4xx_hal_cortex.o
 *fill*         0x00000000080022fa        0x2 
 .text.SysTick_Config
                0x00000000080022fc       0x44 ./Drivers/STM32F4xx_HAL_Driver/Src/stm32f4xx_hal_cortex.o
 .text.HAL_NVIC_SetPriorityGrouping
                0x0000000008002340       0x16 ./Drivers/STM32F4xx_HAL_Driver/Src/stm32f4xx_hal_cortex.o
                0x0000000008002340                HAL_NVIC_SetPriorityGrouping
 .text.HAL_NVIC_SetPriority
                0x0000000008002356       0x38 ./Drivers/STM32F4xx_HAL_Driver/Src/stm32f4xx_hal_cortex.o
                0x0000000008002356                HAL_NVIC_SetPriority
 .text.HAL_NVIC_EnableIRQ
                0x000000000800238e       0x1c ./Drivers/STM32F4xx_HAL_Driver/Src/stm32f4xx_hal_cortex.o
                0x000000000800238e                HAL_NVIC_EnableIRQ
 .text.HAL_SYSTICK_Config
                0x00000000080023aa       0x18 ./Drivers/STM32F4xx_HAL_Driver/Src/stm32f4xx_hal_cortex.o
                0x00000000080023aa                HAL_SYSTICK_Config
 *fill*         0x00000000080023c2        0x2 
 .text.HAL_DMA_Init
                0x00000000080023c4      0x15c ./Drivers/STM32F4xx_HAL_Driver/Src/stm32f4xx_hal_dma.o
                0x00000000080023c4                HAL_DMA_Init
 .text.HAL_DMA_Start_IT
                0x0000000008002520       0xb0 ./Drivers/STM32F4xx_HAL_Driver/Src/stm32f4xx_hal_dma.o
                0x0000000008002520                HAL_DMA_Start_IT
 .text.HAL_DMA_IRQHandler
                0x00000000080025d0      0x314 ./Drivers/STM32F4xx_HAL_Driver/Src/stm32f4xx_hal_dma.o
                0x00000000080025d0                HAL_DMA_IRQHandler
 .text.DMA_SetConfig
                0x00000000080028e4       0x5c ./Drivers/STM32F4xx_HAL_Driver/Src/stm32f4xx_hal_dma.o
 .text.DMA_CalcBaseAndBitshift
                0x0000000008002940       0x6c ./Drivers/STM32F4xx_HAL_Driver/Src/stm32f4xx_hal_dma.o
 .text.DMA_CheckFifoParam
                0x00000000080029ac       0xf8 ./Drivers/STM32F4xx_HAL_Driver/Src/stm32f4xx_hal_dma.o
 .text.HAL_GPIO_Init
                0x0000000008002aa4      0x308 ./Drivers/STM32F4xx_HAL_Driver/Src/stm32f4xx_hal_gpio.o
                0x0000000008002aa4                HAL_GPIO_Init
 .text.HAL_GPIO_ReadPin
                0x0000000008002dac       0x30 ./Drivers/STM32F4xx_HAL_Driver/Src/stm32f4xx_hal_gpio.o
                0x0000000008002dac                HAL_GPIO_ReadPin
 .text.HAL_GPIO_WritePin
                0x0000000008002ddc       0x32 ./Drivers/STM32F4xx_HAL_Driver/Src/stm32f4xx_hal_gpio.o
                0x0000000008002ddc                HAL_GPIO_WritePin
 *fill*         0x0000000008002e0e        0x2 
 .text.HAL_GPIO_EXTI_IRQHandler
                0x0000000008002e10       0x30 ./Drivers/STM32F4xx_HAL_Driver/Src/stm32f4xx_hal_gpio.o
                0x0000000008002e10                HAL_GPIO_EXTI_IRQHandler
 .text.HAL_I2C_Init
                0x0000000008002e40      0x288 ./Drivers/STM32F4xx_HAL_Driver/Src/stm32f4xx_hal_i2c.o
                0x0000000008002e40                HAL_I2C_Init
 .text.HAL_RCC_OscConfig
                0x00000000080030c8      0x4e0 ./Drivers/STM32F4xx_HAL_Driver/Src/stm32f4xx_hal_rcc.o
                0x00000000080030c8                HAL_RCC_OscConfig
 .text.HAL_RCC_ClockConfig
                0x00000000080035a8      0x1cc ./Drivers/STM32F4xx_HAL_Driver/Src/stm32f4xx_hal_rcc.o
                0x00000000080035a8                HAL_RCC_ClockConfig
 .text.HAL_RCC_GetSysClockFreq
                0x0000000008003774      0x16c ./Drivers/STM32F4xx_HAL_Driver/Src/stm32f4xx_hal_rcc.o
                0x0000000008003774                HAL_RCC_GetSysClockFreq
 .text.HAL_RCC_GetHCLKFreq
                0x00000000080038e0       0x18 ./Drivers/STM32F4xx_HAL_Driver/Src/stm32f4xx_hal_rcc.o
                0x00000000080038e0                HAL_RCC_GetHCLKFreq
 .text.HAL_RCC_GetPCLK1Freq
                0x00000000080038f8       0x28 ./Drivers/STM32F4xx_HAL_Driver/Src/stm32f4xx_hal_rcc.o
                0x00000000080038f8                HAL_RCC_GetPCLK1Freq
 .text.HAL_RCCEx_PeriphCLKConfig
                0x0000000008003920      0x1dc ./Drivers/STM32F4xx_HAL_Driver/Src/stm32f4xx_hal_rcc_ex.o
                0x0000000008003920                HAL_RCCEx_PeriphCLKConfig
 .text.HAL_RTC_Init
                0x0000000008003afc      0x122 ./Drivers/STM32F4xx_HAL_Driver/Src/stm32f4xx_hal_rtc.o
                0x0000000008003afc                HAL_RTC_Init
 .text.HAL_RTC_WaitForSynchro
                0x0000000008003c1e       0x50 ./Drivers/STM32F4xx_HAL_Driver/Src/stm32f4xx_hal_rtc.o
                0x0000000008003c1e                HAL_RTC_WaitForSynchro
 .text.RTC_EnterInitMode
                0x0000000008003c6e       0x58 ./Drivers/STM32F4xx_HAL_Driver/Src/stm32f4xx_hal_rtc.o
                0x0000000008003c6e                RTC_EnterInitMode
 .text.HAL_SPI_Init
                0x0000000008003cc6       0xc8 ./Drivers/STM32F4xx_HAL_Driver/Src/stm32f4xx_hal_spi.o
                0x0000000008003cc6                HAL_SPI_Init
 .text.HAL_SPI_Transmit
                0x0000000008003d8e      0x268 ./Drivers/STM32F4xx_HAL_Driver/Src/stm32f4xx_hal_spi.o
                0x0000000008003d8e                HAL_SPI_Transmit
 *fill*         0x0000000008003ff6        0x2 
 .text.HAL_SPI_Transmit_DMA
                0x0000000008003ff8      0x15c ./Drivers/STM32F4xx_HAL_Driver/Src/stm32f4xx_hal_spi.o
                0x0000000008003ff8                HAL_SPI_Transmit_DMA
 .text.HAL_SPI_TxHalfCpltCallback
                0x0000000008004154       0x14 ./Drivers/STM32F4xx_HAL_Driver/Src/stm32f4xx_hal_spi.o
                0x0000000008004154                HAL_SPI_TxHalfCpltCallback
 .text.HAL_SPI_ErrorCallback
                0x0000000008004168       0x14 ./Drivers/STM32F4xx_HAL_Driver/Src/stm32f4xx_hal_spi.o
                0x0000000008004168                HAL_SPI_ErrorCallback
 .text.SPI_DMATransmitCplt
                0x000000000800417c       0xa8 ./Drivers/STM32F4xx_HAL_Driver/Src/stm32f4xx_hal_spi.o
 .text.SPI_DMAHalfTransmitCplt
                0x0000000008004224       0x1c ./Drivers/STM32F4xx_HAL_Driver/Src/stm32f4xx_hal_spi.o
 .text.SPI_DMAError
                0x0000000008004240       0x40 ./Drivers/STM32F4xx_HAL_Driver/Src/stm32f4xx_hal_spi.o
 .text.SPI_WaitFlagStateUntilTimeout
                0x0000000008004280       0xd4 ./Drivers/STM32F4xx_HAL_Driver/Src/stm32f4xx_hal_spi.o
 .text.SPI_EndRxTxTransaction
                0x0000000008004354       0x84 ./Drivers/STM32F4xx_HAL_Driver/Src/stm32f4xx_hal_spi.o
 .text.HAL_TIM_Encoder_Init
                0x00000000080043d8      0x124 ./Drivers/STM32F4xx_HAL_Driver/Src/stm32f4xx_hal_tim.o
                0x00000000080043d8                HAL_TIM_Encoder_Init
 .text.HAL_TIM_Encoder_Start
                0x00000000080044fc       0x70 ./Drivers/STM32F4xx_HAL_Driver/Src/stm32f4xx_hal_tim.o
                0x00000000080044fc                HAL_TIM_Encoder_Start
 .text.TIM_Base_SetConfig
                0x000000000800456c      0x100 ./Drivers/STM32F4xx_HAL_Driver/Src/stm32f4xx_hal_tim.o
                0x000000000800456c                TIM_Base_SetConfig
 .text.TIM_CCxChannelCmd
                0x000000000800466c       0x4a ./Drivers/STM32F4xx_HAL_Driver/Src/stm32f4xx_hal_tim.o
                0x000000000800466c                TIM_CCxChannelCmd
 *fill*         0x00000000080046b6        0x2 
 .text.HAL_TIMEx_MasterConfigSynchronization
                0x00000000080046b8       0xdc ./Drivers/STM32F4xx_HAL_Driver/Src/stm32f4xx_hal_tim_ex.o
                0x00000000080046b8                HAL_TIMEx_MasterConfigSynchronization
 .text.bitmap_init
                0x0000000008004794       0x48 ./hagl/src/bitmap.o
                0x0000000008004794                bitmap_init
 .text.code     0x00000000080047dc       0x74 ./hagl/src/clip.o
 .text.clip_line
                0x0000000008004850      0x236 ./hagl/src/clip.o
                0x0000000008004850                clip_line
 .text.fontx_meta
                0x0000000008004a86       0x3a ./hagl/src/fontx.o
                0x0000000008004a86                fontx_meta
 .text.fontx_glyph
                0x0000000008004ac0      0x124 ./hagl/src/fontx.o
                0x0000000008004ac0                fontx_glyph
 .text.min      0x0000000008004be4       0x24 ./hagl/src/hagl.o
 .text.max      0x0000000008004c08       0x24 ./hagl/src/hagl.o
 .text.hagl_set_clip_window
                0x0000000008004c2c       0x44 ./hagl/src/hagl.o
                0x0000000008004c2c                hagl_set_clip_window
 .text.hagl_put_pixel
                0x0000000008004c70       0x64 ./hagl/src/hagl.o
                0x0000000008004c70                hagl_put_pixel
 .text.hagl_draw_hline
                0x0000000008004cd4       0x46 ./hagl/src/hagl.o
                0x0000000008004cd4                hagl_draw_hline
 .text.hagl_draw_vline
                0x0000000008004d1a       0x46 ./hagl/src/hagl.o
                0x0000000008004d1a                hagl_draw_vline
 .text.hagl_draw_line
                0x0000000008004d60      0x154 ./hagl/src/hagl.o
                0x0000000008004d60                hagl_draw_line
 .text.hagl_draw_rectangle
                0x0000000008004eb4      0x10c ./hagl/src/hagl.o
                0x0000000008004eb4                hagl_draw_rectangle
 .text.hagl_fill_rectangle
                0x0000000008004fc0      0x148 ./hagl/src/hagl.o
                0x0000000008004fc0                hagl_fill_rectangle
 .text.hagl_put_char
                0x0000000008005108      0x1ec ./hagl/src/hagl.o
                0x0000000008005108                hagl_put_char
 .text.hagl_put_text
                0x00000000080052f4       0x9a ./hagl/src/hagl.o
                0x00000000080052f4                hagl_put_text
 .text.hagl_blit
                0x000000000800538e       0x72 ./hagl/src/hagl.o
                0x000000000800538e                hagl_blit
 .text.hagl_clear_screen
                0x0000000008005400       0x54 ./hagl/src/hagl.o
                0x0000000008005400                hagl_clear_screen
 .text.hagl_draw_rounded_rectangle
                0x0000000008005454      0x334 ./hagl/src/hagl.o
                0x0000000008005454                hagl_draw_rounded_rectangle
 .text.rgb565   0x0000000008005788       0x62 ./hagl/src/rgb565.o
                0x0000000008005788                rgb565
 *fill*         0x00000000080057ea        0x2 
 .text.__errno  0x00000000080057ec        0xc c:/st/stm32cubeide_1.7.0/stm32cubeide/plugins/com.st.stm32cube.ide.mcu.externaltools.gnu-tools-for-stm32.9-2020-q2-update.win32_2.0.0.202105311346/tools/bin/../lib/gcc/arm-none-eabi/9.3.1/../../../../arm-none-eabi/lib/thumb/v7e-m+fp/hard\libc_nano.a(lib_a-errno.o)
                0x00000000080057ec                __errno
 .text.__libc_init_array
                0x00000000080057f8       0x48 c:/st/stm32cubeide_1.7.0/stm32cubeide/plugins/com.st.stm32cube.ide.mcu.externaltools.gnu-tools-for-stm32.9-2020-q2-update.win32_2.0.0.202105311346/tools/bin/../lib/gcc/arm-none-eabi/9.3.1/../../../../arm-none-eabi/lib/thumb/v7e-m+fp/hard\libc_nano.a(lib_a-init.o)
                0x00000000080057f8                __libc_init_array
 .text.__retarget_lock_acquire_recursive
                0x0000000008005840        0x2 c:/st/stm32cubeide_1.7.0/stm32cubeide/plugins/com.st.stm32cube.ide.mcu.externaltools.gnu-tools-for-stm32.9-2020-q2-update.win32_2.0.0.202105311346/tools/bin/../lib/gcc/arm-none-eabi/9.3.1/../../../../arm-none-eabi/lib/thumb/v7e-m+fp/hard\libc_nano.a(lib_a-lock.o)
                0x0000000008005840                __retarget_lock_acquire_recursive
 .text.__retarget_lock_release_recursive
                0x0000000008005842        0x2 c:/st/stm32cubeide_1.7.0/stm32cubeide/plugins/com.st.stm32cube.ide.mcu.externaltools.gnu-tools-for-stm32.9-2020-q2-update.win32_2.0.0.202105311346/tools/bin/../lib/gcc/arm-none-eabi/9.3.1/../../../../arm-none-eabi/lib/thumb/v7e-m+fp/hard\libc_nano.a(lib_a-lock.o)
                0x0000000008005842                __retarget_lock_release_recursive
 .text.memcpy   0x0000000008005844       0x1c c:/st/stm32cubeide_1.7.0/stm32cubeide/plugins/com.st.stm32cube.ide.mcu.externaltools.gnu-tools-for-stm32.9-2020-q2-update.win32_2.0.0.202105311346/tools/bin/../lib/gcc/arm-none-eabi/9.3.1/../../../../arm-none-eabi/lib/thumb/v7e-m+fp/hard\libc_nano.a(lib_a-memcpy-stub.o)
                0x0000000008005844                memcpy
 .text.memset   0x0000000008005860       0x10 c:/st/stm32cubeide_1.7.0/stm32cubeide/plugins/com.st.stm32cube.ide.mcu.externaltools.gnu-tools-for-stm32.9-2020-q2-update.win32_2.0.0.202105311346/tools/bin/../lib/gcc/arm-none-eabi/9.3.1/../../../../arm-none-eabi/lib/thumb/v7e-m+fp/hard\libc_nano.a(lib_a-memset.o)
                0x0000000008005860                memset
 .text._free_r  0x0000000008005870       0xa0 c:/st/stm32cubeide_1.7.0/stm32cubeide/plugins/com.st.stm32cube.ide.mcu.externaltools.gnu-tools-for-stm32.9-2020-q2-update.win32_2.0.0.202105311346/tools/bin/../lib/gcc/arm-none-eabi/9.3.1/../../../../arm-none-eabi/lib/thumb/v7e-m+fp/hard\libc_nano.a(lib_a-nano-freer.o)
                0x0000000008005870                _free_r
 .text._malloc_r
                0x0000000008005910       0xb4 c:/st/stm32cubeide_1.7.0/stm32cubeide/plugins/com.st.stm32cube.ide.mcu.externaltools.gnu-tools-for-stm32.9-2020-q2-update.win32_2.0.0.202105311346/tools/bin/../lib/gcc/arm-none-eabi/9.3.1/../../../../arm-none-eabi/lib/thumb/v7e-m+fp/hard\libc_nano.a(lib_a-nano-mallocr.o)
                0x0000000008005910                _malloc_r
 .text._sbrk_r  0x00000000080059c4       0x20 c:/st/stm32cubeide_1.7.0/stm32cubeide/plugins/com.st.stm32cube.ide.mcu.externaltools.gnu-tools-for-stm32.9-2020-q2-update.win32_2.0.0.202105311346/tools/bin/../lib/gcc/arm-none-eabi/9.3.1/../../../../arm-none-eabi/lib/thumb/v7e-m+fp/hard\libc_nano.a(lib_a-sbrkr.o)
                0x00000000080059c4                _sbrk_r
 .text.snprintf
                0x00000000080059e4       0x68 c:/st/stm32cubeide_1.7.0/stm32cubeide/plugins/com.st.stm32cube.ide.mcu.externaltools.gnu-tools-for-stm32.9-2020-q2-update.win32_2.0.0.202105311346/tools/bin/../lib/gcc/arm-none-eabi/9.3.1/../../../../arm-none-eabi/lib/thumb/v7e-m+fp/hard\libc_nano.a(lib_a-snprintf.o)
                0x00000000080059e4                sniprintf
                0x00000000080059e4                snprintf
 .text.__malloc_lock
                0x0000000008005a4c        0xc c:/st/stm32cubeide_1.7.0/stm32cubeide/plugins/com.st.stm32cube.ide.mcu.externaltools.gnu-tools-for-stm32.9-2020-q2-update.win32_2.0.0.202105311346/tools/bin/../lib/gcc/arm-none-eabi/9.3.1/../../../../arm-none-eabi/lib/thumb/v7e-m+fp/hard\libc_nano.a(lib_a-mlock.o)
                0x0000000008005a4c                __malloc_lock
 .text.__malloc_unlock
                0x0000000008005a58        0xc c:/st/stm32cubeide_1.7.0/stm32cubeide/plugins/com.st.stm32cube.ide.mcu.externaltools.gnu-tools-for-stm32.9-2020-q2-update.win32_2.0.0.202105311346/tools/bin/../lib/gcc/arm-none-eabi/9.3.1/../../../../arm-none-eabi/lib/thumb/v7e-m+fp/hard\libc_nano.a(lib_a-mlock.o)
                0x0000000008005a58                __malloc_unlock
 .text.__ssputs_r
                0x0000000008005a64       0xb6 c:/st/stm32cubeide_1.7.0/stm32cubeide/plugins/com.st.stm32cube.ide.mcu.externaltools.gnu-tools-for-stm32.9-2020-q2-update.win32_2.0.0.202105311346/tools/bin/../lib/gcc/arm-none-eabi/9.3.1/../../../../arm-none-eabi/lib/thumb/v7e-m+fp/hard\libc_nano.a(lib_a-nano-svfprintf.o)
                0x0000000008005a64                __ssputs_r
 *fill*         0x0000000008005b1a        0x2 
 .text._svfprintf_r
                0x0000000008005b1c      0x200 c:/st/stm32cubeide_1.7.0/stm32cubeide/plugins/com.st.stm32cube.ide.mcu.externaltools.gnu-tools-for-stm32.9-2020-q2-update.win32_2.0.0.202105311346/tools/bin/../lib/gcc/arm-none-eabi/9.3.1/../../../../arm-none-eabi/lib/thumb/v7e-m+fp/hard\libc_nano.a(lib_a-nano-svfprintf.o)
                0x0000000008005b1c                _svfiprintf_r
                0x0000000008005b1c                _svfprintf_r
 .text._printf_common
                0x0000000008005d1c       0xda c:/st/stm32cubeide_1.7.0/stm32cubeide/plugins/com.st.stm32cube.ide.mcu.externaltools.gnu-tools-for-stm32.9-2020-q2-update.win32_2.0.0.202105311346/tools/bin/../lib/gcc/arm-none-eabi/9.3.1/../../../../arm-none-eabi/lib/thumb/v7e-m+fp/hard\libc_nano.a(lib_a-nano-vfprintf_i.o)
                0x0000000008005d1c                _printf_common
 *fill*         0x0000000008005df6        0x2 
 .text._printf_i
                0x0000000008005df8      0x24c c:/st/stm32cubeide_1.7.0/stm32cubeide/plugins/com.st.stm32cube.ide.mcu.externaltools.gnu-tools-for-stm32.9-2020-q2-update.win32_2.0.0.202105311346/tools/bin/../lib/gcc/arm-none-eabi/9.3.1/../../../../arm-none-eabi/lib/thumb/v7e-m+fp/hard\libc_nano.a(lib_a-nano-vfprintf_i.o)
                0x0000000008005df8                _printf_i
 .text.memmove  0x0000000008006044       0x34 c:/st/stm32cubeide_1.7.0/stm32cubeide/plugins/com.st.stm32cube.ide.mcu.externaltools.gnu-tools-for-stm32.9-2020-q2-update.win32_2.0.0.202105311346/tools/bin/../lib/gcc/arm-none-eabi/9.3.1/../../../../arm-none-eabi/lib/thumb/v7e-m+fp/hard\libc_nano.a(lib_a-memmove.o)
                0x0000000008006044                memmove
 .text._realloc_r
                0x0000000008006078       0x4c c:/st/stm32cubeide_1.7.0/stm32cubeide/plugins/com.st.stm32cube.ide.mcu.externaltools.gnu-tools-for-stm32.9-2020-q2-update.win32_2.0.0.202105311346/tools/bin/../lib/gcc/arm-none-eabi/9.3.1/../../../../arm-none-eabi/lib/thumb/v7e-m+fp/hard\libc_nano.a(lib_a-nano-reallocr.o)
                0x0000000008006078                _realloc_r
 .text._malloc_usable_size_r
                0x00000000080060c4       0x10 c:/st/stm32cubeide_1.7.0/stm32cubeide/plugins/com.st.stm32cube.ide.mcu.externaltools.gnu-tools-for-stm32.9-2020-q2-update.win32_2.0.0.202105311346/tools/bin/../lib/gcc/arm-none-eabi/9.3.1/../../../../arm-none-eabi/lib/thumb/v7e-m+fp/hard\libc_nano.a(lib_a-nano-msizer.o)
                0x00000000080060c4                _malloc_usable_size_r
 *(.glue_7)
 .glue_7        0x00000000080060d4        0x0 linker stubs
 *(.glue_7t)
 .glue_7t       0x00000000080060d4        0x0 linker stubs
 *(.eh_frame)
 .eh_frame      0x00000000080060d4        0x0 c:/st/stm32cubeide_1.7.0/stm32cubeide/plugins/com.st.stm32cube.ide.mcu.externaltools.gnu-tools-for-stm32.9-2020-q2-update.win32_2.0.0.202105311346/tools/bin/../lib/gcc/arm-none-eabi/9.3.1/thumb/v7e-m+fp/hard/crtbegin.o
 *(.init)
 .init          0x00000000080060d4        0x4 c:/st/stm32cubeide_1.7.0/stm32cubeide/plugins/com.st.stm32cube.ide.mcu.externaltools.gnu-tools-for-stm32.9-2020-q2-update.win32_2.0.0.202105311346/tools/bin/../lib/gcc/arm-none-eabi/9.3.1/thumb/v7e-m+fp/hard/crti.o
                0x00000000080060d4                _init
 .init          0x00000000080060d8        0x8 c:/st/stm32cubeide_1.7.0/stm32cubeide/plugins/com.st.stm32cube.ide.mcu.externaltools.gnu-tools-for-stm32.9-2020-q2-update.win32_2.0.0.202105311346/tools/bin/../lib/gcc/arm-none-eabi/9.3.1/thumb/v7e-m+fp/hard/crtn.o
 *(.fini)
 .fini          0x00000000080060e0        0x4 c:/st/stm32cubeide_1.7.0/stm32cubeide/plugins/com.st.stm32cube.ide.mcu.externaltools.gnu-tools-for-stm32.9-2020-q2-update.win32_2.0.0.202105311346/tools/bin/../lib/gcc/arm-none-eabi/9.3.1/thumb/v7e-m+fp/hard/crti.o
                0x00000000080060e0                _fini
 .fini          0x00000000080060e4        0x8 c:/st/stm32cubeide_1.7.0/stm32cubeide/plugins/com.st.stm32cube.ide.mcu.externaltools.gnu-tools-for-stm32.9-2020-q2-update.win32_2.0.0.202105311346/tools/bin/../lib/gcc/arm-none-eabi/9.3.1/thumb/v7e-m+fp/hard/crtn.o
                0x00000000080060ec                . = ALIGN (0x4)
                0x00000000080060ec                _etext = .

.vfp11_veneer   0x00000000080060ec        0x0
 .vfp11_veneer  0x00000000080060ec        0x0 linker stubs

.v4_bx          0x00000000080060ec        0x0
 .v4_bx         0x00000000080060ec        0x0 linker stubs

.iplt           0x00000000080060ec        0x0
 .iplt          0x00000000080060ec        0x0 c:/st/stm32cubeide_1.7.0/stm32cubeide/plugins/com.st.stm32cube.ide.mcu.externaltools.gnu-tools-for-stm32.9-2020-q2-update.win32_2.0.0.202105311346/tools/bin/../lib/gcc/arm-none-eabi/9.3.1/thumb/v7e-m+fp/hard/crtbegin.o

.rodata         0x00000000080060ec     0x6678
                0x00000000080060ec                . = ALIGN (0x4)
 *(.rodata)
 .rodata        0x00000000080060ec       0x6b ./Core/Src/menu.o
 *(.rodata*)
 *fill*         0x0000000008006157        0x1 
 .rodata.init_table
                0x0000000008006158       0x98 ./Core/Src/lcd.o
 .rodata.font6x9
                0x00000000080061f0     0x2fb5 ./Core/Src/menu.o
 *fill*         0x00000000080091a5        0x3 
 .rodata.font5x7
                0x00000000080091a8     0x3507 ./Core/Src/menu.o
                0x00000000080091a8                font5x7
 *fill*         0x000000000800c6af        0x1 
 .rodata.AHBPrescTable
                0x000000000800c6b0       0x10 ./Core/Src/system_stm32f4xx.o
                0x000000000800c6b0                AHBPrescTable
 .rodata.APBPrescTable
                0x000000000800c6c0        0x8 ./Core/Src/system_stm32f4xx.o
                0x000000000800c6c0                APBPrescTable
 .rodata.flagBitshiftOffset.8671
                0x000000000800c6c8        0x8 ./Drivers/STM32F4xx_HAL_Driver/Src/stm32f4xx_hal_dma.o
 .rodata.__sf_fake_stderr
                0x000000000800c6d0       0x20 c:/st/stm32cubeide_1.7.0/stm32cubeide/plugins/com.st.stm32cube.ide.mcu.externaltools.gnu-tools-for-stm32.9-2020-q2-update.win32_2.0.0.202105311346/tools/bin/../lib/gcc/arm-none-eabi/9.3.1/../../../../arm-none-eabi/lib/thumb/v7e-m+fp/hard\libc_nano.a(lib_a-findfp.o)
                0x000000000800c6d0                __sf_fake_stderr
 .rodata.__sf_fake_stdin
                0x000000000800c6f0       0x20 c:/st/stm32cubeide_1.7.0/stm32cubeide/plugins/com.st.stm32cube.ide.mcu.externaltools.gnu-tools-for-stm32.9-2020-q2-update.win32_2.0.0.202105311346/tools/bin/../lib/gcc/arm-none-eabi/9.3.1/../../../../arm-none-eabi/lib/thumb/v7e-m+fp/hard\libc_nano.a(lib_a-findfp.o)
                0x000000000800c6f0                __sf_fake_stdin
 .rodata.__sf_fake_stdout
                0x000000000800c710       0x20 c:/st/stm32cubeide_1.7.0/stm32cubeide/plugins/com.st.stm32cube.ide.mcu.externaltools.gnu-tools-for-stm32.9-2020-q2-update.win32_2.0.0.202105311346/tools/bin/../lib/gcc/arm-none-eabi/9.3.1/../../../../arm-none-eabi/lib/thumb/v7e-m+fp/hard\libc_nano.a(lib_a-findfp.o)
                0x000000000800c710                __sf_fake_stdout
 .rodata._svfprintf_r.str1.1
                0x000000000800c730       0x11 c:/st/stm32cubeide_1.7.0/stm32cubeide/plugins/com.st.stm32cube.ide.mcu.externaltools.gnu-tools-for-stm32.9-2020-q2-update.win32_2.0.0.202105311346/tools/bin/../lib/gcc/arm-none-eabi/9.3.1/../../../../arm-none-eabi/lib/thumb/v7e-m+fp/hard\libc_nano.a(lib_a-nano-svfprintf.o)
 .rodata._printf_i.str1.1
                0x000000000800c741       0x22 c:/st/stm32cubeide_1.7.0/stm32cubeide/plugins/com.st.stm32cube.ide.mcu.externaltools.gnu-tools-for-stm32.9-2020-q2-update.win32_2.0.0.202105311346/tools/bin/../lib/gcc/arm-none-eabi/9.3.1/../../../../arm-none-eabi/lib/thumb/v7e-m+fp/hard\libc_nano.a(lib_a-nano-vfprintf_i.o)
                0x000000000800c764                . = ALIGN (0x4)
 *fill*         0x000000000800c763        0x1 

.ARM.extab      0x000000000800c764        0x0
                0x000000000800c764                . = ALIGN (0x4)
 *(.ARM.extab* .gnu.linkonce.armextab.*)
                0x000000000800c764                . = ALIGN (0x4)

.ARM            0x000000000800c764        0x8
                0x000000000800c764                . = ALIGN (0x4)
                0x000000000800c764                __exidx_start = .
 *(.ARM.exidx*)
 .ARM.exidx     0x000000000800c764        0x8 c:/st/stm32cubeide_1.7.0/stm32cubeide/plugins/com.st.stm32cube.ide.mcu.externaltools.gnu-tools-for-stm32.9-2020-q2-update.win32_2.0.0.202105311346/tools/bin/../lib/gcc/arm-none-eabi/9.3.1/thumb/v7e-m+fp/hard\libgcc.a(_udivmoddi4.o)
                0x000000000800c76c                __exidx_end = .
                0x000000000800c76c                . = ALIGN (0x4)

.rel.dyn        0x000000000800c76c        0x0
 .rel.iplt      0x000000000800c76c        0x0 c:/st/stm32cubeide_1.7.0/stm32cubeide/plugins/com.st.stm32cube.ide.mcu.externaltools.gnu-tools-for-stm32.9-2020-q2-update.win32_2.0.0.202105311346/tools/bin/../lib/gcc/arm-none-eabi/9.3.1/thumb/v7e-m+fp/hard/crtbegin.o

.preinit_array  0x000000000800c76c        0x0
                0x000000000800c76c                . = ALIGN (0x4)
                0x000000000800c76c                PROVIDE (__preinit_array_start = .)
 *(.preinit_array*)
                0x000000000800c76c                PROVIDE (__preinit_array_end = .)
                0x000000000800c76c                . = ALIGN (0x4)

.init_array     0x000000000800c76c        0x4
                0x000000000800c76c                . = ALIGN (0x4)
                0x000000000800c76c                PROVIDE (__init_array_start = .)
 *(SORT_BY_NAME(.init_array.*))
 *(.init_array*)
 .init_array    0x000000000800c76c        0x4 c:/st/stm32cubeide_1.7.0/stm32cubeide/plugins/com.st.stm32cube.ide.mcu.externaltools.gnu-tools-for-stm32.9-2020-q2-update.win32_2.0.0.202105311346/tools/bin/../lib/gcc/arm-none-eabi/9.3.1/thumb/v7e-m+fp/hard/crtbegin.o
                0x000000000800c770                PROVIDE (__init_array_end = .)
                0x000000000800c770                . = ALIGN (0x4)

.fini_array     0x000000000800c770        0x4
                0x000000000800c770                . = ALIGN (0x4)
                [!provide]                        PROVIDE (__fini_array_start = .)
 *(SORT_BY_NAME(.fini_array.*))
 *(.fini_array*)
 .fini_array    0x000000000800c770        0x4 c:/st/stm32cubeide_1.7.0/stm32cubeide/plugins/com.st.stm32cube.ide.mcu.externaltools.gnu-tools-for-stm32.9-2020-q2-update.win32_2.0.0.202105311346/tools/bin/../lib/gcc/arm-none-eabi/9.3.1/thumb/v7e-m+fp/hard/crtbegin.o
                [!provide]                        PROVIDE (__fini_array_end = .)
                0x000000000800c774                . = ALIGN (0x4)
                0x000000000800c774                _sidata = LOADADDR (.data)

.data           0x0000000020000000       0x78 load address 0x000000000800c774
                0x0000000020000000                . = ALIGN (0x4)
                0x0000000020000000                _sdata = .
 *(.data)
 *(.data*)
 .data.SystemCoreClock
                0x0000000020000000        0x4 ./Core/Src/system_stm32f4xx.o
                0x0000000020000000                SystemCoreClock
 .data.uwTickPrio
                0x0000000020000004        0x4 ./Drivers/STM32F4xx_HAL_Driver/Src/stm32f4xx_hal.o
                0x0000000020000004                uwTickPrio
 .data.uwTickFreq
                0x0000000020000008        0x1 ./Drivers/STM32F4xx_HAL_Driver/Src/stm32f4xx_hal.o
                0x0000000020000008                uwTickFreq
 *fill*         0x0000000020000009        0x3 
 .data.clip_window
                0x000000002000000c        0x8 ./hagl/src/hagl.o
 .data._impure_ptr
                0x0000000020000014        0x4 c:/st/stm32cubeide_1.7.0/stm32cubeide/plugins/com.st.stm32cube.ide.mcu.externaltools.gnu-tools-for-stm32.9-2020-q2-update.win32_2.0.0.202105311346/tools/bin/../lib/gcc/arm-none-eabi/9.3.1/../../../../arm-none-eabi/lib/thumb/v7e-m+fp/hard\libc_nano.a(lib_a-impure.o)
                0x0000000020000014                _impure_ptr
 .data.impure_data
                0x0000000020000018       0x60 c:/st/stm32cubeide_1.7.0/stm32cubeide/plugins/com.st.stm32cube.ide.mcu.externaltools.gnu-tools-for-stm32.9-2020-q2-update.win32_2.0.0.202105311346/tools/bin/../lib/gcc/arm-none-eabi/9.3.1/../../../../arm-none-eabi/lib/thumb/v7e-m+fp/hard\libc_nano.a(lib_a-impure.o)
 *(.RamFunc)
 *(.RamFunc*)
                0x0000000020000078                . = ALIGN (0x4)
                0x0000000020000078                _edata = .

.igot.plt       0x0000000020000078        0x0 load address 0x000000000800c7ec
 .igot.plt      0x0000000020000078        0x0 c:/st/stm32cubeide_1.7.0/stm32cubeide/plugins/com.st.stm32cube.ide.mcu.externaltools.gnu-tools-for-stm32.9-2020-q2-update.win32_2.0.0.202105311346/tools/bin/../lib/gcc/arm-none-eabi/9.3.1/thumb/v7e-m+fp/hard/crtbegin.o
                0x0000000020000078                . = ALIGN (0x4)

.bss            0x0000000020000078     0xa2fc load address 0x000000000800c7ec
                0x0000000020000078                _sbss = .
                0x0000000020000078                __bss_start__ = _sbss
 *(.bss)
 .bss           0x0000000020000078       0x1c c:/st/stm32cubeide_1.7.0/stm32cubeide/plugins/com.st.stm32cube.ide.mcu.externaltools.gnu-tools-for-stm32.9-2020-q2-update.win32_2.0.0.202105311346/tools/bin/../lib/gcc/arm-none-eabi/9.3.1/thumb/v7e-m+fp/hard/crtbegin.o
 *(.bss*)
 .bss.frame_buffer
                0x0000000020000094     0xa000 ./Core/Src/lcd.o
 .bss.menuIndex
                0x000000002000a094        0x2 ./Core/Src/main.o
                0x000000002000a094                menuIndex
 .bss.menuMaxIndex
                0x000000002000a096        0x2 ./Core/Src/main.o
                0x000000002000a096                menuMaxIndex
 .bss.activeScreen
                0x000000002000a098        0x1 ./Core/Src/main.o
                0x000000002000a098                activeScreen
 .bss.sensorWindowFlag
                0x000000002000a099        0x1 ./Core/Src/main.o
                0x000000002000a099                sensorWindowFlag
 .bss.menuWindowFlag
                0x000000002000a09a        0x1 ./Core/Src/main.o
                0x000000002000a09a                menuWindowFlag
 *fill*         0x000000002000a09b        0x1 
 .bss.__sbrk_heap_end
                0x000000002000a09c        0x4 ./Core/Src/sysmem.o
 .bss.__malloc_free_list
                0x000000002000a0a0        0x4 c:/st/stm32cubeide_1.7.0/stm32cubeide/plugins/com.st.stm32cube.ide.mcu.externaltools.gnu-tools-for-stm32.9-2020-q2-update.win32_2.0.0.202105311346/tools/bin/../lib/gcc/arm-none-eabi/9.3.1/../../../../arm-none-eabi/lib/thumb/v7e-m+fp/hard\libc_nano.a(lib_a-nano-mallocr.o)
                0x000000002000a0a0                __malloc_free_list
 .bss.__malloc_sbrk_start
                0x000000002000a0a4        0x4 c:/st/stm32cubeide_1.7.0/stm32cubeide/plugins/com.st.stm32cube.ide.mcu.externaltools.gnu-tools-for-stm32.9-2020-q2-update.win32_2.0.0.202105311346/tools/bin/../lib/gcc/arm-none-eabi/9.3.1/../../../../arm-none-eabi/lib/thumb/v7e-m+fp/hard\libc_nano.a(lib_a-nano-mallocr.o)
                0x000000002000a0a4                __malloc_sbrk_start
 *(COMMON)
 COMMON         0x000000002000a0a8       0xa8 ./Core/Src/adc.o
                0x000000002000a0a8                hadc1
                0x000000002000a0f0                hdma_adc1
 COMMON         0x000000002000a150       0x54 ./Core/Src/i2c.o
                0x000000002000a150                hi2c1
 COMMON         0x000000002000a1a4       0x3c ./Core/Src/main.o
                0x000000002000a1a4                sensor_data
                0x000000002000a1b4                menu_pos
                0x000000002000a1c8                counterIndex
                0x000000002000a1cc                tim_data
 COMMON         0x000000002000a1e0       0x10 ./Core/Src/menu.o
                0x000000002000a1e0                text_to_parse
 COMMON         0x000000002000a1f0       0x20 ./Core/Src/rtc.o
                0x000000002000a1f0                hrtc
 COMMON         0x000000002000a210      0x110 ./Core/Src/spi.o
                0x000000002000a210                hspi2
                0x000000002000a268                hspi1
                0x000000002000a2c0                hdma_spi1_tx
 COMMON         0x000000002000a320       0x40 ./Core/Src/tim.o
                0x000000002000a320                htim2
 COMMON         0x000000002000a360        0x4 ./Drivers/STM32F4xx_HAL_Driver/Src/stm32f4xx_hal.o
                0x000000002000a360                uwTick
 COMMON         0x000000002000a364        0x9 c:/st/stm32cubeide_1.7.0/stm32cubeide/plugins/com.st.stm32cube.ide.mcu.externaltools.gnu-tools-for-stm32.9-2020-q2-update.win32_2.0.0.202105311346/tools/bin/../lib/gcc/arm-none-eabi/9.3.1/../../../../arm-none-eabi/lib/thumb/v7e-m+fp/hard\libc_nano.a(lib_a-lock.o)
                0x000000002000a364                __lock___atexit_recursive_mutex
                0x000000002000a365                __lock___arc4random_mutex
                0x000000002000a366                __lock___env_recursive_mutex
                0x000000002000a367                __lock___sinit_recursive_mutex
                0x000000002000a368                __lock___malloc_recursive_mutex
                0x000000002000a369                __lock___at_quick_exit_mutex
                0x000000002000a36a                __lock___dd_hash_mutex
                0x000000002000a36b                __lock___tz_mutex
                0x000000002000a36c                __lock___sfp_recursive_mutex
 *fill*         0x000000002000a36d        0x3 
 COMMON         0x000000002000a370        0x4 c:/st/stm32cubeide_1.7.0/stm32cubeide/plugins/com.st.stm32cube.ide.mcu.externaltools.gnu-tools-for-stm32.9-2020-q2-update.win32_2.0.0.202105311346/tools/bin/../lib/gcc/arm-none-eabi/9.3.1/../../../../arm-none-eabi/lib/thumb/v7e-m+fp/hard\libc_nano.a(lib_a-reent.o)
                0x000000002000a370                errno
                0x000000002000a374                . = ALIGN (0x4)
                0x000000002000a374                _ebss = .
                0x000000002000a374                __bss_end__ = _ebss

._user_heap_stack
                0x000000002000a374     0x2404 load address 0x000000000800c7ec
                0x000000002000a378                . = ALIGN (0x8)
 *fill*         0x000000002000a374        0x4 
                [!provide]                        PROVIDE (end = .)
                0x000000002000a378                PROVIDE (_end = .)
                0x000000002000a778                . = (. + _Min_Heap_Size)
 *fill*         0x000000002000a378      0x400 
                0x000000002000c778                . = (. + _Min_Stack_Size)
 *fill*         0x000000002000a778     0x2000 
                0x000000002000c778                . = ALIGN (0x8)

/DISCARD/
 libc.a(*)
 libm.a(*)
 libgcc.a(*)

.ARM.attributes
                0x0000000000000000       0x30
 *(.ARM.attributes)
 .ARM.attributes
                0x0000000000000000       0x1e c:/st/stm32cubeide_1.7.0/stm32cubeide/plugins/com.st.stm32cube.ide.mcu.externaltools.gnu-tools-for-stm32.9-2020-q2-update.win32_2.0.0.202105311346/tools/bin/../lib/gcc/arm-none-eabi/9.3.1/thumb/v7e-m+fp/hard/crti.o
 .ARM.attributes
                0x000000000000001e       0x34 c:/st/stm32cubeide_1.7.0/stm32cubeide/plugins/com.st.stm32cube.ide.mcu.externaltools.gnu-tools-for-stm32.9-2020-q2-update.win32_2.0.0.202105311346/tools/bin/../lib/gcc/arm-none-eabi/9.3.1/thumb/v7e-m+fp/hard/crtbegin.o
 .ARM.attributes
                0x0000000000000052       0x34 ./Core/Src/adc.o
 .ARM.attributes
                0x0000000000000086       0x34 ./Core/Src/dma.o
 .ARM.attributes
                0x00000000000000ba       0x34 ./Core/Src/gpio.o
 .ARM.attributes
                0x00000000000000ee       0x34 ./Core/Src/i2c.o
 .ARM.attributes
                0x0000000000000122       0x34 ./Core/Src/lcd.o
 .ARM.attributes
                0x0000000000000156       0x34 ./Core/Src/main.o
 .ARM.attributes
                0x000000000000018a       0x34 ./Core/Src/menu.o
 .ARM.attributes
                0x00000000000001be       0x34 ./Core/Src/rtc.o
 .ARM.attributes
                0x00000000000001f2       0x34 ./Core/Src/spi.o
 .ARM.attributes
                0x0000000000000226       0x34 ./Core/Src/stm32f4xx_hal_msp.o
 .ARM.attributes
                0x000000000000025a       0x34 ./Core/Src/stm32f4xx_it.o
 .ARM.attributes
                0x000000000000028e       0x34 ./Core/Src/sysmem.o
 .ARM.attributes
                0x00000000000002c2       0x34 ./Core/Src/system_stm32f4xx.o
 .ARM.attributes
                0x00000000000002f6       0x34 ./Core/Src/tim.o
 .ARM.attributes
                0x000000000000032a       0x21 ./Core/Startup/startup_stm32f401ccux.o
 .ARM.attributes
                0x000000000000034b       0x34 ./Drivers/STM32F4xx_HAL_Driver/Src/stm32f4xx_hal.o
 .ARM.attributes
                0x000000000000037f       0x34 ./Drivers/STM32F4xx_HAL_Driver/Src/stm32f4xx_hal_adc.o
 .ARM.attributes
                0x00000000000003b3       0x34 ./Drivers/STM32F4xx_HAL_Driver/Src/stm32f4xx_hal_cortex.o
 .ARM.attributes
                0x00000000000003e7       0x34 ./Drivers/STM32F4xx_HAL_Driver/Src/stm32f4xx_hal_dma.o
 .ARM.attributes
                0x000000000000041b       0x34 ./Drivers/STM32F4xx_HAL_Driver/Src/stm32f4xx_hal_gpio.o
 .ARM.attributes
                0x000000000000044f       0x34 ./Drivers/STM32F4xx_HAL_Driver/Src/stm32f4xx_hal_i2c.o
 .ARM.attributes
                0x0000000000000483       0x34 ./Drivers/STM32F4xx_HAL_Driver/Src/stm32f4xx_hal_rcc.o
 .ARM.attributes
                0x00000000000004b7       0x34 ./Drivers/STM32F4xx_HAL_Driver/Src/stm32f4xx_hal_rcc_ex.o
 .ARM.attributes
                0x00000000000004eb       0x34 ./Drivers/STM32F4xx_HAL_Driver/Src/stm32f4xx_hal_rtc.o
 .ARM.attributes
                0x000000000000051f       0x34 ./Drivers/STM32F4xx_HAL_Driver/Src/stm32f4xx_hal_spi.o
 .ARM.attributes
                0x0000000000000553       0x34 ./Drivers/STM32F4xx_HAL_Driver/Src/stm32f4xx_hal_tim.o
 .ARM.attributes
                0x0000000000000587       0x34 ./Drivers/STM32F4xx_HAL_Driver/Src/stm32f4xx_hal_tim_ex.o
 .ARM.attributes
                0x00000000000005bb       0x34 ./hagl/src/bitmap.o
 .ARM.attributes
                0x00000000000005ef       0x34 ./hagl/src/clip.o
 .ARM.attributes
                0x0000000000000623       0x34 ./hagl/src/fontx.o
 .ARM.attributes
                0x0000000000000657       0x34 ./hagl/src/hagl.o
 .ARM.attributes
                0x000000000000068b       0x34 ./hagl/src/rgb565.o
 .ARM.attributes
                0x00000000000006bf       0x34 c:/st/stm32cubeide_1.7.0/stm32cubeide/plugins/com.st.stm32cube.ide.mcu.externaltools.gnu-tools-for-stm32.9-2020-q2-update.win32_2.0.0.202105311346/tools/bin/../lib/gcc/arm-none-eabi/9.3.1/../../../../arm-none-eabi/lib/thumb/v7e-m+fp/hard\libc_nano.a(lib_a-errno.o)
 .ARM.attributes
                0x00000000000006f3       0x34 c:/st/stm32cubeide_1.7.0/stm32cubeide/plugins/com.st.stm32cube.ide.mcu.externaltools.gnu-tools-for-stm32.9-2020-q2-update.win32_2.0.0.202105311346/tools/bin/../lib/gcc/arm-none-eabi/9.3.1/../../../../arm-none-eabi/lib/thumb/v7e-m+fp/hard\libc_nano.a(lib_a-findfp.o)
 .ARM.attributes
                0x0000000000000727       0x32 c:/st/stm32cubeide_1.7.0/stm32cubeide/plugins/com.st.stm32cube.ide.mcu.externaltools.gnu-tools-for-stm32.9-2020-q2-update.win32_2.0.0.202105311346/tools/bin/../lib/gcc/arm-none-eabi/9.3.1/../../../../arm-none-eabi/lib/thumb/v7e-m+fp/hard\libc_nano.a(lib_a-impure.o)
 .ARM.attributes
                0x0000000000000759       0x34 c:/st/stm32cubeide_1.7.0/stm32cubeide/plugins/com.st.stm32cube.ide.mcu.externaltools.gnu-tools-for-stm32.9-2020-q2-update.win32_2.0.0.202105311346/tools/bin/../lib/gcc/arm-none-eabi/9.3.1/../../../../arm-none-eabi/lib/thumb/v7e-m+fp/hard\libc_nano.a(lib_a-init.o)
 .ARM.attributes
                0x000000000000078d       0x34 c:/st/stm32cubeide_1.7.0/stm32cubeide/plugins/com.st.stm32cube.ide.mcu.externaltools.gnu-tools-for-stm32.9-2020-q2-update.win32_2.0.0.202105311346/tools/bin/../lib/gcc/arm-none-eabi/9.3.1/../../../../arm-none-eabi/lib/thumb/v7e-m+fp/hard\libc_nano.a(lib_a-lock.o)
 .ARM.attributes
                0x00000000000007c1       0x34 c:/st/stm32cubeide_1.7.0/stm32cubeide/plugins/com.st.stm32cube.ide.mcu.externaltools.gnu-tools-for-stm32.9-2020-q2-update.win32_2.0.0.202105311346/tools/bin/../lib/gcc/arm-none-eabi/9.3.1/../../../../arm-none-eabi/lib/thumb/v7e-m+fp/hard\libc_nano.a(lib_a-memcpy-stub.o)
 .ARM.attributes
                0x00000000000007f5       0x34 c:/st/stm32cubeide_1.7.0/stm32cubeide/plugins/com.st.stm32cube.ide.mcu.externaltools.gnu-tools-for-stm32.9-2020-q2-update.win32_2.0.0.202105311346/tools/bin/../lib/gcc/arm-none-eabi/9.3.1/../../../../arm-none-eabi/lib/thumb/v7e-m+fp/hard\libc_nano.a(lib_a-memset.o)
 .ARM.attributes
                0x0000000000000829       0x34 c:/st/stm32cubeide_1.7.0/stm32cubeide/plugins/com.st.stm32cube.ide.mcu.externaltools.gnu-tools-for-stm32.9-2020-q2-update.win32_2.0.0.202105311346/tools/bin/../lib/gcc/arm-none-eabi/9.3.1/../../../../arm-none-eabi/lib/thumb/v7e-m+fp/hard\libc_nano.a(lib_a-nano-freer.o)
 .ARM.attributes
                0x000000000000085d       0x34 c:/st/stm32cubeide_1.7.0/stm32cubeide/plugins/com.st.stm32cube.ide.mcu.externaltools.gnu-tools-for-stm32.9-2020-q2-update.win32_2.0.0.202105311346/tools/bin/../lib/gcc/arm-none-eabi/9.3.1/../../../../arm-none-eabi/lib/thumb/v7e-m+fp/hard\libc_nano.a(lib_a-nano-mallocr.o)
 .ARM.attributes
                0x0000000000000891       0x34 c:/st/stm32cubeide_1.7.0/stm32cubeide/plugins/com.st.stm32cube.ide.mcu.externaltools.gnu-tools-for-stm32.9-2020-q2-update.win32_2.0.0.202105311346/tools/bin/../lib/gcc/arm-none-eabi/9.3.1/../../../../arm-none-eabi/lib/thumb/v7e-m+fp/hard\libc_nano.a(lib_a-reent.o)
 .ARM.attributes
                0x00000000000008c5       0x34 c:/st/stm32cubeide_1.7.0/stm32cubeide/plugins/com.st.stm32cube.ide.mcu.externaltools.gnu-tools-for-stm32.9-2020-q2-update.win32_2.0.0.202105311346/tools/bin/../lib/gcc/arm-none-eabi/9.3.1/../../../../arm-none-eabi/lib/thumb/v7e-m+fp/hard\libc_nano.a(lib_a-sbrkr.o)
 .ARM.attributes
                0x00000000000008f9       0x34 c:/st/stm32cubeide_1.7.0/stm32cubeide/plugins/com.st.stm32cube.ide.mcu.externaltools.gnu-tools-for-stm32.9-2020-q2-update.win32_2.0.0.202105311346/tools/bin/../lib/gcc/arm-none-eabi/9.3.1/../../../../arm-none-eabi/lib/thumb/v7e-m+fp/hard\libc_nano.a(lib_a-snprintf.o)
 .ARM.attributes
                0x000000000000092d       0x34 c:/st/stm32cubeide_1.7.0/stm32cubeide/plugins/com.st.stm32cube.ide.mcu.externaltools.gnu-tools-for-stm32.9-2020-q2-update.win32_2.0.0.202105311346/tools/bin/../lib/gcc/arm-none-eabi/9.3.1/../../../../arm-none-eabi/lib/thumb/v7e-m+fp/hard\libc_nano.a(lib_a-mlock.o)
 .ARM.attributes
                0x0000000000000961       0x34 c:/st/stm32cubeide_1.7.0/stm32cubeide/plugins/com.st.stm32cube.ide.mcu.externaltools.gnu-tools-for-stm32.9-2020-q2-update.win32_2.0.0.202105311346/tools/bin/../lib/gcc/arm-none-eabi/9.3.1/../../../../arm-none-eabi/lib/thumb/v7e-m+fp/hard\libc_nano.a(lib_a-nano-svfprintf.o)
 .ARM.attributes
                0x0000000000000995       0x34 c:/st/stm32cubeide_1.7.0/stm32cubeide/plugins/com.st.stm32cube.ide.mcu.externaltools.gnu-tools-for-stm32.9-2020-q2-update.win32_2.0.0.202105311346/tools/bin/../lib/gcc/arm-none-eabi/9.3.1/../../../../arm-none-eabi/lib/thumb/v7e-m+fp/hard\libc_nano.a(lib_a-nano-vfprintf_i.o)
 .ARM.attributes
                0x00000000000009c9       0x1c c:/st/stm32cubeide_1.7.0/stm32cubeide/plugins/com.st.stm32cube.ide.mcu.externaltools.gnu-tools-for-stm32.9-2020-q2-update.win32_2.0.0.202105311346/tools/bin/../lib/gcc/arm-none-eabi/9.3.1/../../../../arm-none-eabi/lib/thumb/v7e-m+fp/hard\libc_nano.a(lib_a-memchr.o)
 .ARM.attributes
                0x00000000000009e5       0x34 c:/st/stm32cubeide_1.7.0/stm32cubeide/plugins/com.st.stm32cube.ide.mcu.externaltools.gnu-tools-for-stm32.9-2020-q2-update.win32_2.0.0.202105311346/tools/bin/../lib/gcc/arm-none-eabi/9.3.1/../../../../arm-none-eabi/lib/thumb/v7e-m+fp/hard\libc_nano.a(lib_a-memmove.o)
 .ARM.attributes
                0x0000000000000a19       0x34 c:/st/stm32cubeide_1.7.0/stm32cubeide/plugins/com.st.stm32cube.ide.mcu.externaltools.gnu-tools-for-stm32.9-2020-q2-update.win32_2.0.0.202105311346/tools/bin/../lib/gcc/arm-none-eabi/9.3.1/../../../../arm-none-eabi/lib/thumb/v7e-m+fp/hard\libc_nano.a(lib_a-nano-reallocr.o)
 .ARM.attributes
                0x0000000000000a4d       0x34 c:/st/stm32cubeide_1.7.0/stm32cubeide/plugins/com.st.stm32cube.ide.mcu.externaltools.gnu-tools-for-stm32.9-2020-q2-update.win32_2.0.0.202105311346/tools/bin/../lib/gcc/arm-none-eabi/9.3.1/../../../../arm-none-eabi/lib/thumb/v7e-m+fp/hard\libc_nano.a(lib_a-nano-msizer.o)
 .ARM.attributes
                0x0000000000000a81       0x1e c:/st/stm32cubeide_1.7.0/stm32cubeide/plugins/com.st.stm32cube.ide.mcu.externaltools.gnu-tools-for-stm32.9-2020-q2-update.win32_2.0.0.202105311346/tools/bin/../lib/gcc/arm-none-eabi/9.3.1/thumb/v7e-m+fp/hard\libgcc.a(_aeabi_uldivmod.o)
 .ARM.attributes
                0x0000000000000a9f       0x34 c:/st/stm32cubeide_1.7.0/stm32cubeide/plugins/com.st.stm32cube.ide.mcu.externaltools.gnu-tools-for-stm32.9-2020-q2-update.win32_2.0.0.202105311346/tools/bin/../lib/gcc/arm-none-eabi/9.3.1/thumb/v7e-m+fp/hard\libgcc.a(_udivmoddi4.o)
 .ARM.attributes
                0x0000000000000ad3       0x1e c:/st/stm32cubeide_1.7.0/stm32cubeide/plugins/com.st.stm32cube.ide.mcu.externaltools.gnu-tools-for-stm32.9-2020-q2-update.win32_2.0.0.202105311346/tools/bin/../lib/gcc/arm-none-eabi/9.3.1/thumb/v7e-m+fp/hard\libgcc.a(_dvmd_tls.o)
 .ARM.attributes
                0x0000000000000af1       0x1e c:/st/stm32cubeide_1.7.0/stm32cubeide/plugins/com.st.stm32cube.ide.mcu.externaltools.gnu-tools-for-stm32.9-2020-q2-update.win32_2.0.0.202105311346/tools/bin/../lib/gcc/arm-none-eabi/9.3.1/thumb/v7e-m+fp/hard/crtn.o
OUTPUT(LCD_MENU_F401.elf elf32-littlearm)
LOAD linker stubs
LOAD c:/st/stm32cubeide_1.7.0/stm32cubeide/plugins/com.st.stm32cube.ide.mcu.externaltools.gnu-tools-for-stm32.9-2020-q2-update.win32_2.0.0.202105311346/tools/bin/../lib/gcc/arm-none-eabi/9.3.1/../../../../arm-none-eabi/lib/thumb/v7e-m+fp/hard\libc.a
LOAD c:/st/stm32cubeide_1.7.0/stm32cubeide/plugins/com.st.stm32cube.ide.mcu.externaltools.gnu-tools-for-stm32.9-2020-q2-update.win32_2.0.0.202105311346/tools/bin/../lib/gcc/arm-none-eabi/9.3.1/../../../../arm-none-eabi/lib/thumb/v7e-m+fp/hard\libm.a
LOAD c:/st/stm32cubeide_1.7.0/stm32cubeide/plugins/com.st.stm32cube.ide.mcu.externaltools.gnu-tools-for-stm32.9-2020-q2-update.win32_2.0.0.202105311346/tools/bin/../lib/gcc/arm-none-eabi/9.3.1/thumb/v7e-m+fp/hard\libgcc.a

.debug_info     0x0000000000000000    0x18aa0
 .debug_info    0x0000000000000000      0xae1 ./Core/Src/adc.o
 .debug_info    0x0000000000000ae1      0x532 ./Core/Src/dma.o
 .debug_info    0x0000000000001013      0x6b0 ./Core/Src/gpio.o
 .debug_info    0x00000000000016c3      0xaaf ./Core/Src/i2c.o
 .debug_info    0x0000000000002172      0x950 ./Core/Src/lcd.o
 .debug_info    0x0000000000002ac2     0x219d ./Core/Src/main.o
 .debug_info    0x0000000000004c5f      0x25a ./Core/Src/menu.o
 .debug_info    0x0000000000004eb9      0x59e ./Core/Src/rtc.o
 .debug_info    0x0000000000005457      0xb13 ./Core/Src/spi.o
 .debug_info    0x0000000000005f6a      0x3c0 ./Core/Src/stm32f4xx_hal_msp.o
 .debug_info    0x000000000000632a      0x4eb ./Core/Src/stm32f4xx_it.o
 .debug_info    0x0000000000006815      0xa25 ./Core/Src/sysmem.o
 .debug_info    0x000000000000723a      0x5d0 ./Core/Src/system_stm32f4xx.o
 .debug_info    0x000000000000780a      0xbd4 ./Core/Src/tim.o
 .debug_info    0x00000000000083de       0x22 ./Core/Startup/startup_stm32f401ccux.o
 .debug_info    0x0000000000008400      0x93d ./Drivers/STM32F4xx_HAL_Driver/Src/stm32f4xx_hal.o
 .debug_info    0x0000000000008d3d      0xdb4 ./Drivers/STM32F4xx_HAL_Driver/Src/stm32f4xx_hal_adc.o
 .debug_info    0x0000000000009af1      0xe41 ./Drivers/STM32F4xx_HAL_Driver/Src/stm32f4xx_hal_cortex.o
 .debug_info    0x000000000000a932      0x9e9 ./Drivers/STM32F4xx_HAL_Driver/Src/stm32f4xx_hal_dma.o
 .debug_info    0x000000000000b31b      0x852 ./Drivers/STM32F4xx_HAL_Driver/Src/stm32f4xx_hal_gpio.o
 .debug_info    0x000000000000bb6d     0x2639 ./Drivers/STM32F4xx_HAL_Driver/Src/stm32f4xx_hal_i2c.o
 .debug_info    0x000000000000e1a6      0x9bd ./Drivers/STM32F4xx_HAL_Driver/Src/stm32f4xx_hal_rcc.o
 .debug_info    0x000000000000eb63      0x63d ./Drivers/STM32F4xx_HAL_Driver/Src/stm32f4xx_hal_rcc_ex.o
 .debug_info    0x000000000000f1a0      0xc6d ./Drivers/STM32F4xx_HAL_Driver/Src/stm32f4xx_hal_rtc.o
 .debug_info    0x000000000000fe0d     0x1778 ./Drivers/STM32F4xx_HAL_Driver/Src/stm32f4xx_hal_spi.o
 .debug_info    0x0000000000011585     0x26c5 ./Drivers/STM32F4xx_HAL_Driver/Src/stm32f4xx_hal_tim.o
 .debug_info    0x0000000000013c4a     0x1257 ./Drivers/STM32F4xx_HAL_Driver/Src/stm32f4xx_hal_tim_ex.o
 .debug_info    0x0000000000014ea1      0xd14 ./hagl/src/bitmap.o
 .debug_info    0x0000000000015bb5      0x27d ./hagl/src/clip.o
 .debug_info    0x0000000000015e32      0xb04 ./hagl/src/fontx.o
 .debug_info    0x0000000000016936     0x1fd6 ./hagl/src/hagl.o
 .debug_info    0x000000000001890c      0x194 ./hagl/src/rgb565.o

.debug_abbrev   0x0000000000000000     0x3b15
 .debug_abbrev  0x0000000000000000      0x1ce ./Core/Src/adc.o
 .debug_abbrev  0x00000000000001ce      0x11b ./Core/Src/dma.o
 .debug_abbrev  0x00000000000002e9      0x157 ./Core/Src/gpio.o
 .debug_abbrev  0x0000000000000440      0x1bb ./Core/Src/i2c.o
 .debug_abbrev  0x00000000000005fb      0x22d ./Core/Src/lcd.o
 .debug_abbrev  0x0000000000000828      0x298 ./Core/Src/main.o
 .debug_abbrev  0x0000000000000ac0      0x147 ./Core/Src/menu.o
 .debug_abbrev  0x0000000000000c07      0x15d ./Core/Src/rtc.o
 .debug_abbrev  0x0000000000000d64      0x1ce ./Core/Src/spi.o
 .debug_abbrev  0x0000000000000f32      0x11d ./Core/Src/stm32f4xx_hal_msp.o
 .debug_abbrev  0x000000000000104f      0x134 ./Core/Src/stm32f4xx_it.o
 .debug_abbrev  0x0000000000001183      0x1bf ./Core/Src/sysmem.o
 .debug_abbrev  0x0000000000001342      0x145 ./Core/Src/system_stm32f4xx.o
 .debug_abbrev  0x0000000000001487      0x208 ./Core/Src/tim.o
 .debug_abbrev  0x000000000000168f       0x12 ./Core/Startup/startup_stm32f401ccux.o
 .debug_abbrev  0x00000000000016a1      0x21e ./Drivers/STM32F4xx_HAL_Driver/Src/stm32f4xx_hal.o
 .debug_abbrev  0x00000000000018bf      0x1ef ./Drivers/STM32F4xx_HAL_Driver/Src/stm32f4xx_hal_adc.o
 .debug_abbrev  0x0000000000001aae      0x33c ./Drivers/STM32F4xx_HAL_Driver/Src/stm32f4xx_hal_cortex.o
 .debug_abbrev  0x0000000000001dea      0x219 ./Drivers/STM32F4xx_HAL_Driver/Src/stm32f4xx_hal_dma.o
 .debug_abbrev  0x0000000000002003      0x1f1 ./Drivers/STM32F4xx_HAL_Driver/Src/stm32f4xx_hal_gpio.o
 .debug_abbrev  0x00000000000021f4      0x293 ./Drivers/STM32F4xx_HAL_Driver/Src/stm32f4xx_hal_i2c.o
 .debug_abbrev  0x0000000000002487      0x275 ./Drivers/STM32F4xx_HAL_Driver/Src/stm32f4xx_hal_rcc.o
 .debug_abbrev  0x00000000000026fc      0x18f ./Drivers/STM32F4xx_HAL_Driver/Src/stm32f4xx_hal_rcc_ex.o
 .debug_abbrev  0x000000000000288b      0x1f5 ./Drivers/STM32F4xx_HAL_Driver/Src/stm32f4xx_hal_rtc.o
 .debug_abbrev  0x0000000000002a80      0x26e ./Drivers/STM32F4xx_HAL_Driver/Src/stm32f4xx_hal_spi.o
 .debug_abbrev  0x0000000000002cee      0x26f ./Drivers/STM32F4xx_HAL_Driver/Src/stm32f4xx_hal_tim.o
 .debug_abbrev  0x0000000000002f5d      0x25d ./Drivers/STM32F4xx_HAL_Driver/Src/stm32f4xx_hal_tim_ex.o
 .debug_abbrev  0x00000000000031ba      0x231 ./hagl/src/bitmap.o
 .debug_abbrev  0x00000000000033eb       0xf1 ./hagl/src/clip.o
 .debug_abbrev  0x00000000000034dc      0x1b8 ./hagl/src/fontx.o
 .debug_abbrev  0x0000000000003694      0x3af ./hagl/src/hagl.o
 .debug_abbrev  0x0000000000003a43       0xd2 ./hagl/src/rgb565.o

.debug_aranges  0x0000000000000000     0x13d8
 .debug_aranges
                0x0000000000000000       0x30 ./Core/Src/adc.o
 .debug_aranges
                0x0000000000000030       0x20 ./Core/Src/dma.o
 .debug_aranges
                0x0000000000000050       0x20 ./Core/Src/gpio.o
 .debug_aranges
                0x0000000000000070       0x30 ./Core/Src/i2c.o
 .debug_aranges
                0x00000000000000a0       0x68 ./Core/Src/lcd.o
 .debug_aranges
                0x0000000000000108       0x40 ./Core/Src/main.o
 .debug_aranges
                0x0000000000000148       0x40 ./Core/Src/menu.o
 .debug_aranges
                0x0000000000000188       0x30 ./Core/Src/rtc.o
 .debug_aranges
                0x00000000000001b8       0x38 ./Core/Src/spi.o
 .debug_aranges
                0x00000000000001f0       0x20 ./Core/Src/stm32f4xx_hal_msp.o
 .debug_aranges
                0x0000000000000210       0x78 ./Core/Src/stm32f4xx_it.o
 .debug_aranges
                0x0000000000000288       0x20 ./Core/Src/sysmem.o
 .debug_aranges
                0x00000000000002a8       0x28 ./Core/Src/system_stm32f4xx.o
 .debug_aranges
                0x00000000000002d0       0x40 ./Core/Src/tim.o
 .debug_aranges
                0x0000000000000310       0x28 ./Core/Startup/startup_stm32f401ccux.o
 .debug_aranges
                0x0000000000000338       0xf0 ./Drivers/STM32F4xx_HAL_Driver/Src/stm32f4xx_hal.o
 .debug_aranges
                0x0000000000000428       0xe8 ./Drivers/STM32F4xx_HAL_Driver/Src/stm32f4xx_hal_adc.o
 .debug_aranges
                0x0000000000000510      0x118 ./Drivers/STM32F4xx_HAL_Driver/Src/stm32f4xx_hal_cortex.o
 .debug_aranges
                0x0000000000000628       0x90 ./Drivers/STM32F4xx_HAL_Driver/Src/stm32f4xx_hal_dma.o
 .debug_aranges
                0x00000000000006b8       0x58 ./Drivers/STM32F4xx_HAL_Driver/Src/stm32f4xx_hal_gpio.o
 .debug_aranges
                0x0000000000000710      0x2a0 ./Drivers/STM32F4xx_HAL_Driver/Src/stm32f4xx_hal_i2c.o
 .debug_aranges
                0x00000000000009b0       0x88 ./Drivers/STM32F4xx_HAL_Driver/Src/stm32f4xx_hal_rcc.o
 .debug_aranges
                0x0000000000000a38       0x48 ./Drivers/STM32F4xx_HAL_Driver/Src/stm32f4xx_hal_rcc_ex.o
 .debug_aranges
                0x0000000000000a80       0xb8 ./Drivers/STM32F4xx_HAL_Driver/Src/stm32f4xx_hal_rtc.o
 .debug_aranges
                0x0000000000000b38      0x1d0 ./Drivers/STM32F4xx_HAL_Driver/Src/stm32f4xx_hal_spi.o
 .debug_aranges
                0x0000000000000d08      0x3a8 ./Drivers/STM32F4xx_HAL_Driver/Src/stm32f4xx_hal_tim.o
 .debug_aranges
                0x00000000000010b0      0x150 ./Drivers/STM32F4xx_HAL_Driver/Src/stm32f4xx_hal_tim_ex.o
 .debug_aranges
                0x0000000000001200       0x38 ./hagl/src/bitmap.o
 .debug_aranges
                0x0000000000001238       0x28 ./hagl/src/clip.o
 .debug_aranges
                0x0000000000001260       0x28 ./hagl/src/fontx.o
 .debug_aranges
                0x0000000000001288      0x128 ./hagl/src/hagl.o
 .debug_aranges
                0x00000000000013b0       0x28 ./hagl/src/rgb565.o

.debug_ranges   0x0000000000000000     0x1208
 .debug_ranges  0x0000000000000000       0x20 ./Core/Src/adc.o
 .debug_ranges  0x0000000000000020       0x10 ./Core/Src/dma.o
 .debug_ranges  0x0000000000000030       0x10 ./Core/Src/gpio.o
 .debug_ranges  0x0000000000000040       0x20 ./Core/Src/i2c.o
 .debug_ranges  0x0000000000000060       0x58 ./Core/Src/lcd.o
 .debug_ranges  0x00000000000000b8       0x30 ./Core/Src/main.o
 .debug_ranges  0x00000000000000e8       0x30 ./Core/Src/menu.o
 .debug_ranges  0x0000000000000118       0x20 ./Core/Src/rtc.o
 .debug_ranges  0x0000000000000138       0x28 ./Core/Src/spi.o
 .debug_ranges  0x0000000000000160       0x10 ./Core/Src/stm32f4xx_hal_msp.o
 .debug_ranges  0x0000000000000170       0x68 ./Core/Src/stm32f4xx_it.o
 .debug_ranges  0x00000000000001d8       0x10 ./Core/Src/sysmem.o
 .debug_ranges  0x00000000000001e8       0x18 ./Core/Src/system_stm32f4xx.o
 .debug_ranges  0x0000000000000200       0x30 ./Core/Src/tim.o
 .debug_ranges  0x0000000000000230       0x20 ./Core/Startup/startup_stm32f401ccux.o
 .debug_ranges  0x0000000000000250       0xe0 ./Drivers/STM32F4xx_HAL_Driver/Src/stm32f4xx_hal.o
 .debug_ranges  0x0000000000000330       0xd8 ./Drivers/STM32F4xx_HAL_Driver/Src/stm32f4xx_hal_adc.o
 .debug_ranges  0x0000000000000408      0x108 ./Drivers/STM32F4xx_HAL_Driver/Src/stm32f4xx_hal_cortex.o
 .debug_ranges  0x0000000000000510       0x80 ./Drivers/STM32F4xx_HAL_Driver/Src/stm32f4xx_hal_dma.o
 .debug_ranges  0x0000000000000590       0x48 ./Drivers/STM32F4xx_HAL_Driver/Src/stm32f4xx_hal_gpio.o
 .debug_ranges  0x00000000000005d8      0x2b8 ./Drivers/STM32F4xx_HAL_Driver/Src/stm32f4xx_hal_i2c.o
 .debug_ranges  0x0000000000000890       0x78 ./Drivers/STM32F4xx_HAL_Driver/Src/stm32f4xx_hal_rcc.o
 .debug_ranges  0x0000000000000908       0x38 ./Drivers/STM32F4xx_HAL_Driver/Src/stm32f4xx_hal_rcc_ex.o
 .debug_ranges  0x0000000000000940       0xa8 ./Drivers/STM32F4xx_HAL_Driver/Src/stm32f4xx_hal_rtc.o
 .debug_ranges  0x00000000000009e8      0x1c0 ./Drivers/STM32F4xx_HAL_Driver/Src/stm32f4xx_hal_spi.o
 .debug_ranges  0x0000000000000ba8      0x398 ./Drivers/STM32F4xx_HAL_Driver/Src/stm32f4xx_hal_tim.o
 .debug_ranges  0x0000000000000f40      0x140 ./Drivers/STM32F4xx_HAL_Driver/Src/stm32f4xx_hal_tim_ex.o
 .debug_ranges  0x0000000000001080       0x28 ./hagl/src/bitmap.o
 .debug_ranges  0x00000000000010a8       0x18 ./hagl/src/clip.o
 .debug_ranges  0x00000000000010c0       0x18 ./hagl/src/fontx.o
 .debug_ranges  0x00000000000010d8      0x118 ./hagl/src/hagl.o
 .debug_ranges  0x00000000000011f0       0x18 ./hagl/src/rgb565.o

.debug_macro    0x0000000000000000    0x1a10a
 .debug_macro   0x0000000000000000      0x232 ./Core/Src/adc.o
 .debug_macro   0x0000000000000232      0xaa8 ./Core/Src/adc.o
 .debug_macro   0x0000000000000cda      0x2a6 ./Core/Src/adc.o
 .debug_macro   0x0000000000000f80       0x2e ./Core/Src/adc.o
 .debug_macro   0x0000000000000fae       0x28 ./Core/Src/adc.o
 .debug_macro   0x0000000000000fd6       0x22 ./Core/Src/adc.o
 .debug_macro   0x0000000000000ff8       0x8e ./Core/Src/adc.o
 .debug_macro   0x0000000000001086       0x51 ./Core/Src/adc.o
 .debug_macro   0x00000000000010d7      0x103 ./Core/Src/adc.o
 .debug_macro   0x00000000000011da       0x6a ./Core/Src/adc.o
 .debug_macro   0x0000000000001244      0x1df ./Core/Src/adc.o
 .debug_macro   0x0000000000001423       0x1c ./Core/Src/adc.o
 .debug_macro   0x000000000000143f       0x22 ./Core/Src/adc.o
 .debug_macro   0x0000000000001461       0xdf ./Core/Src/adc.o
 .debug_macro   0x0000000000001540     0x102d ./Core/Src/adc.o
 .debug_macro   0x000000000000256d      0x11f ./Core/Src/adc.o
 .debug_macro   0x000000000000268c     0xb850 ./Core/Src/adc.o
 .debug_macro   0x000000000000dedc       0x43 ./Core/Src/adc.o
 .debug_macro   0x000000000000df1f     0x3659 ./Core/Src/adc.o
 .debug_macro   0x0000000000011578      0x174 ./Core/Src/adc.o
 .debug_macro   0x00000000000116ec       0x5a ./Core/Src/adc.o
 .debug_macro   0x0000000000011746      0x416 ./Core/Src/adc.o
 .debug_macro   0x0000000000011b5c      0x9fe ./Core/Src/adc.o
 .debug_macro   0x000000000001255a      0x117 ./Core/Src/adc.o
 .debug_macro   0x0000000000012671       0xf8 ./Core/Src/adc.o
 .debug_macro   0x0000000000012769       0x27 ./Core/Src/adc.o
 .debug_macro   0x0000000000012790      0x15f ./Core/Src/adc.o
 .debug_macro   0x00000000000128ef      0x287 ./Core/Src/adc.o
 .debug_macro   0x0000000000012b76       0x5f ./Core/Src/adc.o
 .debug_macro   0x0000000000012bd5      0x236 ./Core/Src/adc.o
 .debug_macro   0x0000000000012e0b      0x391 ./Core/Src/adc.o
 .debug_macro   0x000000000001319c      0x176 ./Core/Src/adc.o
 .debug_macro   0x0000000000013312       0xf9 ./Core/Src/adc.o
 .debug_macro   0x000000000001340b      0x132 ./Core/Src/adc.o
 .debug_macro   0x000000000001353d      0x23a ./Core/Src/adc.o
 .debug_macro   0x0000000000013777       0x2e ./Core/Src/adc.o
 .debug_macro   0x00000000000137a5      0x1b5 ./Core/Src/adc.o
 .debug_macro   0x000000000001395a       0x22 ./Core/Src/adc.o
 .debug_macro   0x000000000001397c       0xd6 ./Core/Src/adc.o
 .debug_macro   0x0000000000013a52      0x11a ./Core/Src/adc.o
 .debug_macro   0x0000000000013b6c       0x85 ./Core/Src/adc.o
 .debug_macro   0x0000000000013bf1       0x89 ./Core/Src/adc.o
 .debug_macro   0x0000000000013c7a      0x31a ./Core/Src/adc.o
 .debug_macro   0x0000000000013f94      0x405 ./Core/Src/adc.o
 .debug_macro   0x0000000000014399       0xe4 ./Core/Src/adc.o
 .debug_macro   0x000000000001447d      0x225 ./Core/Src/adc.o
 .debug_macro   0x00000000000146a2      0x8a0 ./Core/Src/adc.o
 .debug_macro   0x0000000000014f42       0x47 ./Core/Src/adc.o
 .debug_macro   0x0000000000014f89      0x126 ./Core/Src/adc.o
 .debug_macro   0x00000000000150af       0x70 ./Core/Src/adc.o
 .debug_macro   0x000000000001511f      0x232 ./Core/Src/dma.o
 .debug_macro   0x0000000000015351      0x232 ./Core/Src/gpio.o
 .debug_macro   0x0000000000015583      0x232 ./Core/Src/i2c.o
 .debug_macro   0x00000000000157b5      0x2ce ./Core/Src/lcd.o
 .debug_macro   0x0000000000015a83       0x22 ./Core/Src/lcd.o
 .debug_macro   0x0000000000015aa5       0x40 ./Core/Src/lcd.o
 .debug_macro   0x0000000000015ae5      0x43b ./Core/Src/main.o
 .debug_macro   0x0000000000015f20       0x52 ./Core/Src/main.o
 .debug_macro   0x0000000000015f72       0x18 ./Core/Src/main.o
 .debug_macro   0x0000000000015f8a       0x3c ./Core/Src/main.o
 .debug_macro   0x0000000000015fc6       0x34 ./Core/Src/main.o
 .debug_macro   0x0000000000015ffa       0x16 ./Core/Src/main.o
 .debug_macro   0x0000000000016010       0x35 ./Core/Src/main.o
 .debug_macro   0x0000000000016045      0x333 ./Core/Src/main.o
 .debug_macro   0x0000000000016378       0x10 ./Core/Src/main.o
 .debug_macro   0x0000000000016388       0x16 ./Core/Src/main.o
 .debug_macro   0x000000000001639e       0x43 ./Core/Src/main.o
 .debug_macro   0x00000000000163e1       0x34 ./Core/Src/main.o
 .debug_macro   0x0000000000016415       0x10 ./Core/Src/main.o
 .debug_macro   0x0000000000016425       0x58 ./Core/Src/main.o
 .debug_macro   0x000000000001647d       0x71 ./Core/Src/main.o
 .debug_macro   0x00000000000164ee       0x1c ./Core/Src/main.o
 .debug_macro   0x000000000001650a      0x12a ./Core/Src/main.o
 .debug_macro   0x0000000000016634       0x10 ./Core/Src/main.o
 .debug_macro   0x0000000000016644       0x1c ./Core/Src/main.o
 .debug_macro   0x0000000000016660       0x52 ./Core/Src/main.o
 .debug_macro   0x00000000000166b2       0x22 ./Core/Src/main.o
 .debug_macro   0x00000000000166d4       0x10 ./Core/Src/main.o
 .debug_macro   0x00000000000166e4       0x40 ./Core/Src/main.o
 .debug_macro   0x0000000000016724       0xd5 ./Core/Src/main.o
 .debug_macro   0x00000000000167f9       0x1c ./Core/Src/main.o
 .debug_macro   0x0000000000016815       0x3d ./Core/Src/main.o
 .debug_macro   0x0000000000016852       0x16 ./Core/Src/main.o
 .debug_macro   0x0000000000016868      0x145 ./Core/Src/main.o
 .debug_macro   0x00000000000169ad       0x10 ./Core/Src/main.o
 .debug_macro   0x00000000000169bd       0x1c ./Core/Src/main.o
 .debug_macro   0x00000000000169d9       0x28 ./Core/Src/main.o
 .debug_macro   0x0000000000016a01       0x10 ./Core/Src/main.o
 .debug_macro   0x0000000000016a11       0xcd ./Core/Src/menu.o
 .debug_macro   0x0000000000016ade      0x232 ./Core/Src/rtc.o
 .debug_macro   0x0000000000016d10      0x232 ./Core/Src/spi.o
 .debug_macro   0x0000000000016f42      0x228 ./Core/Src/stm32f4xx_hal_msp.o
 .debug_macro   0x000000000001716a      0x232 ./Core/Src/stm32f4xx_it.o
 .debug_macro   0x000000000001739c       0xff ./Core/Src/sysmem.o
 .debug_macro   0x000000000001749b      0x23b ./Core/Src/sysmem.o
 .debug_macro   0x00000000000176d6      0x21f ./Core/Src/system_stm32f4xx.o
 .debug_macro   0x00000000000178f5      0x232 ./Core/Src/tim.o
 .debug_macro   0x0000000000017b27      0x279 ./Drivers/STM32F4xx_HAL_Driver/Src/stm32f4xx_hal.o
 .debug_macro   0x0000000000017da0      0x21a ./Drivers/STM32F4xx_HAL_Driver/Src/stm32f4xx_hal_adc.o
 .debug_macro   0x0000000000017fba      0x219 ./Drivers/STM32F4xx_HAL_Driver/Src/stm32f4xx_hal_cortex.o
 .debug_macro   0x00000000000181d3      0x21f ./Drivers/STM32F4xx_HAL_Driver/Src/stm32f4xx_hal_dma.o
 .debug_macro   0x00000000000183f2      0x24f ./Drivers/STM32F4xx_HAL_Driver/Src/stm32f4xx_hal_gpio.o
 .debug_macro   0x0000000000018641      0x260 ./Drivers/STM32F4xx_HAL_Driver/Src/stm32f4xx_hal_i2c.o
 .debug_macro   0x00000000000188a1      0x23d ./Drivers/STM32F4xx_HAL_Driver/Src/stm32f4xx_hal_rcc.o
 .debug_macro   0x0000000000018ade      0x219 ./Drivers/STM32F4xx_HAL_Driver/Src/stm32f4xx_hal_rcc_ex.o
 .debug_macro   0x0000000000018cf7      0x21a ./Drivers/STM32F4xx_HAL_Driver/Src/stm32f4xx_hal_rtc.o
 .debug_macro   0x0000000000018f11      0x228 ./Drivers/STM32F4xx_HAL_Driver/Src/stm32f4xx_hal_spi.o
 .debug_macro   0x0000000000019139      0x21a ./Drivers/STM32F4xx_HAL_Driver/Src/stm32f4xx_hal_tim.o
 .debug_macro   0x0000000000019353      0x219 ./Drivers/STM32F4xx_HAL_Driver/Src/stm32f4xx_hal_tim_ex.o
 .debug_macro   0x000000000001956c      0x17a ./hagl/src/bitmap.o
 .debug_macro   0x00000000000196e6      0x10e ./hagl/src/bitmap.o
 .debug_macro   0x00000000000197f4       0x8d ./hagl/src/bitmap.o
 .debug_macro   0x0000000000019881       0x16 ./hagl/src/bitmap.o
 .debug_macro   0x0000000000019897       0x20 ./hagl/src/bitmap.o
 .debug_macro   0x00000000000198b7      0x1a9 ./hagl/src/bitmap.o
 .debug_macro   0x0000000000019a60       0x76 ./hagl/src/clip.o
 .debug_macro   0x0000000000019ad6      0x147 ./hagl/src/fontx.o
 .debug_macro   0x0000000000019c1d       0x10 ./hagl/src/fontx.o
 .debug_macro   0x0000000000019c2d       0x4c ./hagl/src/fontx.o
 .debug_macro   0x0000000000019c79      0x2cb ./hagl/src/hagl.o
 .debug_macro   0x0000000000019f44      0x11f ./hagl/src/hagl.o
 .debug_macro   0x000000000001a063       0x22 ./hagl/src/hagl.o
 .debug_macro   0x000000000001a085       0x85 ./hagl/src/rgb565.o

.debug_line     0x0000000000000000    0x19c3d
 .debug_line    0x0000000000000000      0x877 ./Core/Src/adc.o
 .debug_line    0x0000000000000877      0x754 ./Core/Src/dma.o
 .debug_line    0x0000000000000fcb      0x78d ./Core/Src/gpio.o
 .debug_line    0x0000000000001758      0x7c0 ./Core/Src/i2c.o
 .debug_line    0x0000000000001f18      0x899 ./Core/Src/lcd.o
 .debug_line    0x00000000000027b1      0xb75 ./Core/Src/main.o
 .debug_line    0x0000000000003326      0x59d ./Core/Src/menu.o
 .debug_line    0x00000000000038c3      0x7a4 ./Core/Src/rtc.o
 .debug_line    0x0000000000004067      0x875 ./Core/Src/spi.o
 .debug_line    0x00000000000048dc      0x759 ./Core/Src/stm32f4xx_hal_msp.o
 .debug_line    0x0000000000005035      0x863 ./Core/Src/stm32f4xx_it.o
 .debug_line    0x0000000000005898      0x4f8 ./Core/Src/sysmem.o
 .debug_line    0x0000000000005d90      0x7e0 ./Core/Src/system_stm32f4xx.o
 .debug_line    0x0000000000006570      0x820 ./Core/Src/tim.o
 .debug_line    0x0000000000006d90       0x85 ./Core/Startup/startup_stm32f401ccux.o
 .debug_line    0x0000000000006e15      0xa40 ./Drivers/STM32F4xx_HAL_Driver/Src/stm32f4xx_hal.o
 .debug_line    0x0000000000007855     0x11ce ./Drivers/STM32F4xx_HAL_Driver/Src/stm32f4xx_hal_adc.o
 .debug_line    0x0000000000008a23      0xcef ./Drivers/STM32F4xx_HAL_Driver/Src/stm32f4xx_hal_cortex.o
 .debug_line    0x0000000000009712      0xfa9 ./Drivers/STM32F4xx_HAL_Driver/Src/stm32f4xx_hal_dma.o
 .debug_line    0x000000000000a6bb      0xb8c ./Drivers/STM32F4xx_HAL_Driver/Src/stm32f4xx_hal_gpio.o
 .debug_line    0x000000000000b247     0x38fc ./Drivers/STM32F4xx_HAL_Driver/Src/stm32f4xx_hal_i2c.o
 .debug_line    0x000000000000eb43      0xda3 ./Drivers/STM32F4xx_HAL_Driver/Src/stm32f4xx_hal_rcc.o
 .debug_line    0x000000000000f8e6      0xa6e ./Drivers/STM32F4xx_HAL_Driver/Src/stm32f4xx_hal_rcc_ex.o
 .debug_line    0x0000000000010354     0x1116 ./Drivers/STM32F4xx_HAL_Driver/Src/stm32f4xx_hal_rtc.o
 .debug_line    0x000000000001146a     0x1c7d ./Drivers/STM32F4xx_HAL_Driver/Src/stm32f4xx_hal_spi.o
 .debug_line    0x00000000000130e7     0x2871 ./Drivers/STM32F4xx_HAL_Driver/Src/stm32f4xx_hal_tim.o
 .debug_line    0x0000000000015958     0x1226 ./Drivers/STM32F4xx_HAL_Driver/Src/stm32f4xx_hal_tim_ex.o
 .debug_line    0x0000000000016b7e      0x92f ./hagl/src/bitmap.o
 .debug_line    0x00000000000174ad      0x55c ./hagl/src/clip.o
 .debug_line    0x0000000000017a09      0x624 ./hagl/src/fontx.o
 .debug_line    0x000000000001802d     0x17ab ./hagl/src/hagl.o
 .debug_line    0x00000000000197d8      0x465 ./hagl/src/rgb565.o

.debug_str      0x0000000000000000    0x9a885
 .debug_str     0x0000000000000000    0x8fb5a ./Core/Src/adc.o
                                      0x8fe76 (size before relaxing)
 .debug_str     0x000000000008fb5a      0x391 ./Core/Src/dma.o
                                      0x8fd19 (size before relaxing)
 .debug_str     0x000000000008feeb       0x48 ./Core/Src/gpio.o
                                      0x8fdb9 (size before relaxing)
 .debug_str     0x000000000008ff33      0x2c1 ./Core/Src/i2c.o
                                      0x8ff32 (size before relaxing)
 .debug_str     0x00000000000901f4      0x4ec ./Core/Src/lcd.o
                                      0x90042 (size before relaxing)
 .debug_str     0x00000000000906e0     0x47ec ./Core/Src/main.o
                                      0x94c14 (size before relaxing)
 .debug_str     0x0000000000094ecc       0x88 ./Core/Src/menu.o
                                       0x42e6 (size before relaxing)
 .debug_str     0x0000000000094f54       0x4a ./Core/Src/rtc.o
                                      0x8faea (size before relaxing)
 .debug_str     0x0000000000094f9e       0x65 ./Core/Src/spi.o
                                      0x8feaa (size before relaxing)
 .debug_str     0x0000000000095003       0x2c ./Core/Src/stm32f4xx_hal_msp.o
                                      0x8f990 (size before relaxing)
 .debug_str     0x000000000009502f       0xfb ./Core/Src/stm32f4xx_it.o
                                      0x8fbb7 (size before relaxing)
 .debug_str     0x000000000009512a      0x4e9 ./Core/Src/sysmem.o
                                       0x62a5 (size before relaxing)
 .debug_str     0x0000000000095613       0xc4 ./Core/Src/system_stm32f4xx.o
                                      0x8f868 (size before relaxing)
 .debug_str     0x00000000000956d7      0x156 ./Core/Src/tim.o
                                      0x8ff94 (size before relaxing)
 .debug_str     0x000000000009582d       0x36 ./Core/Startup/startup_stm32f401ccux.o
                                         0x76 (size before relaxing)
 .debug_str     0x0000000000095863      0x58d ./Drivers/STM32F4xx_HAL_Driver/Src/stm32f4xx_hal.o
                                      0x901d3 (size before relaxing)
 .debug_str     0x0000000000095df0      0x2a2 ./Drivers/STM32F4xx_HAL_Driver/Src/stm32f4xx_hal_adc.o
                                      0x8fded (size before relaxing)
 .debug_str     0x0000000000096092      0x392 ./Drivers/STM32F4xx_HAL_Driver/Src/stm32f4xx_hal_cortex.o
                                      0x8ffb0 (size before relaxing)
 .debug_str     0x0000000000096424      0x31d ./Drivers/STM32F4xx_HAL_Driver/Src/stm32f4xx_hal_dma.o
                                      0x8fc6b (size before relaxing)
 .debug_str     0x0000000000096741      0x1ec ./Drivers/STM32F4xx_HAL_Driver/Src/stm32f4xx_hal_gpio.o
                                      0x8faa7 (size before relaxing)
 .debug_str     0x000000000009692d      0xaae ./Drivers/STM32F4xx_HAL_Driver/Src/stm32f4xx_hal_i2c.o
                                      0x907c8 (size before relaxing)
 .debug_str     0x00000000000973db      0x24e ./Drivers/STM32F4xx_HAL_Driver/Src/stm32f4xx_hal_rcc.o
                                      0x8fc55 (size before relaxing)
 .debug_str     0x0000000000097629      0x113 ./Drivers/STM32F4xx_HAL_Driver/Src/stm32f4xx_hal_rcc_ex.o
                                      0x8f9ae (size before relaxing)
 .debug_str     0x000000000009773c      0x298 ./Drivers/STM32F4xx_HAL_Driver/Src/stm32f4xx_hal_rtc.o
                                      0x8fc03 (size before relaxing)
 .debug_str     0x00000000000979d4      0x52e ./Drivers/STM32F4xx_HAL_Driver/Src/stm32f4xx_hal_spi.o
                                      0x900c4 (size before relaxing)
 .debug_str     0x0000000000097f02      0xcba ./Drivers/STM32F4xx_HAL_Driver/Src/stm32f4xx_hal_tim.o