rgb888.h:49:19:min	16	static
rgb888.h:56:19:max	16	static
hagl.c:65:6:hagl_set_clip_window	16	static
hagl.c:72:6:hagl_put_pixel	16	static
hagl.c:88:9:hagl_get_pixel	16	static
hagl.c:107:6:hagl_draw_hline	32	static
hagl.c:142:6:hagl_draw_vline	32	static
hagl.c:176:6:hagl_draw_line	56	static
hagl.c:220:6:hagl_draw_rectangle	32	static
hagl.c:258:6:hagl_fill_rectangle	32	static
hagl.c:302:9:hagl_get_glyph	40	static
hagl.c:337:9:hagl_put_char	4160	static
hagl.c:381:10:hagl_put_text	56	static
hagl.c:414:6:hagl_blit	32	static
hagl.c:450:6:hagl_scale_blit	48	static
hagl.c:470:6:hagl_clear_screen	24	static
hagl.c:485:6:hagl_clear_clip_window	24	static
hagl.c:492:6:hagl_draw_circle	32	static
hagl.c:527:6:hagl_fill_circle	32	static
hagl.c:548:6:hagl_draw_ellipse	48	static
hagl.c:619:6:hagl_fill_ellipse	48	static
hagl.c:686:6:hagl_draw_polygon	40	static
hagl.c:707:6:hagl_fill_polygon	184	static
hagl.c:774:6:hagl_draw_triangle	40	static
hagl.c:779:6:hagl_fill_triangle	40	static
hagl.c:784:6:hagl_draw_rounded_rectangle	40	static
hagl.c:855:6:hagl_fill_rounded_rectangle	48	static
hagl.c:936:17:tjpgd_data_reader	32	static
hagl.c:949:17:tjpgd_data_writer	48	static
hagl.c:969:10:hagl_load_image	3256	static
hagl.c:999:9:hagl_color	16	static
hagl.c:1008:11:hagl_init	8	static
hagl.c:1019:8:hagl_flush	4	static
hagl.c:1027:6:hagl_close	4	static
