main.c:46:5:__io_putchar	16	static
main.c:114:5:bufsize	24	static
main.c:121:6:clear_buffer	16	static
main.c:126:6:sd_card_mount	8	static
main.c:134:6:sd_card_unmount	8	static
main.c:141:6:sd_card_check_capacity	8	static
main.c:153:6:sd_card_basic_write_to_file	16	static
main.c:170:6:sd_card_basic_read_file	8	static
main.c:187:6:sd_card_write_to_file	24	static
main.c:205:6:sd_card_read_file	16	static
main.c:223:6:sd_card_update_file	64	static
main.c:245:6:sd_card_read_from_file	16	static
main.c:262:6:sd_card_remove_file	16	static
main.c:273:5:main	40	static
main.c:495:6:SystemClock_Config	88	static
main.c:535:6:HAL_SPI_TxCpltCallback	16	static
main.c:541:6:HAL_GPIO_EXTI_Callback	16	static
main.c:558:6:Error_Handler	4	static,ignoring_inline_asm
