main.c:46:5:__io_putchar	16	static
main.c:111:5:bufsize	24	static
main.c:118:6:clear_buffer	16	static
main.c:123:6:sd_card_mount	8	static
main.c:131:6:sd_card_unmount	8	static
main.c:138:6:sd_card_check_capacity	8	static
main.c:150:6:sd_card_basic_write_to_file	16	static
main.c:167:6:sd_card_basic_read_file	8	static
main.c:184:6:sd_card_write_to_file	24	static
main.c:202:6:sd_card_read_file	16	static
main.c:220:6:sd_card_update_file	64	static
main.c:242:6:sd_card_read_from_file	16	static
main.c:259:6:sd_card_remove_file	16	static
main.c:270:5:main	40	static
main.c:474:6:SystemClock_Config	88	static
main.c:514:6:HAL_SPI_TxCpltCallback	16	static
main.c:520:6:HAL_GPIO_EXTI_Callback	16	static
main.c:537:6:Error_Handler	4	static,ignoring_inline_asm
