sdcard.c:28:5:bufsize	24	static
sdcard.c:35:6:clear_buffer	16	static
sdcard.c:40:9:sd_card_mount	16	static
sdcard.c:54:6:sd_card_unmount	8	static
sdcard.c:61:7:sd_card_check_capacity	8	static
sdcard.c:71:6:sd_card_basic_write_to_file	16	static
sdcard.c:88:6:sd_card_basic_read_file	8	static
sdcard.c:105:6:sd_card_write_to_file	24	static
sdcard.c:123:6:sd_card_read_file	16	static
sdcard.c:141:6:sd_card_update_file	64	static
sdcard.c:163:6:sd_card_read_from_file	16	static
sdcard.c:180:6:sd_card_remove_file	16	static
